<?xml version="1.0" encoding="ISO-8859-1" ?>
<link_info>
   <banner>TI ARM Linker PC v18.12.2.LTS</banner>
   <copyright>Copyright (c) 1996-2018 Texas Instruments Incorporated</copyright>
   <link_time>0x5de6b07b</link_time>
   <link_errors>0x0</link_errors>
   <output_file>final.out</output_file>
   <entry_point>
      <name>_c_int00_noargs</name>
      <address>0x38bd</address>
   </entry_point>
   <input_file_list>
      <input_file id="fl-2">
         <path>.\</path>
         <kind>object</kind>
         <file>main.obj</file>
         <name>main.obj</name>
      </input_file>
      <input_file id="fl-3">
         <path>.\</path>
         <kind>object</kind>
         <file>startup_msp432p401r_ccs.obj</file>
         <name>startup_msp432p401r_ccs.obj</name>
      </input_file>
      <input_file id="fl-4">
         <path>.\</path>
         <kind>object</kind>
         <file>system_msp432p401r.obj</file>
         <name>system_msp432p401r.obj</name>
      </input_file>
      <input_file id="fl-9">
         <kind>object</kind>
         <file>&lt;internal&gt;</file>
         <name>&lt;internal&gt;</name>
      </input_file>
      <input_file id="fl-bf">
         <path>D:\Program Files\ti\ccs\tools\compiler\ti-cgt-arm_18.12.2.LTS\lib\</path>
         <kind>archive</kind>
         <file>rtsv7M4_T_le_v4SPD16_eabi.lib</file>
         <name>printf.c.obj</name>
      </input_file>
      <input_file id="fl-c0">
         <path>D:\Program Files\ti\ccs\tools\compiler\ti-cgt-arm_18.12.2.LTS\lib\</path>
         <kind>archive</kind>
         <file>rtsv7M4_T_le_v4SPD16_eabi.lib</file>
         <name>_printfi.c.obj</name>
      </input_file>
      <input_file id="fl-c1">
         <path>D:\Program Files\ti\ccs\tools\compiler\ti-cgt-arm_18.12.2.LTS\lib\</path>
         <kind>archive</kind>
         <file>rtsv7M4_T_le_v4SPD16_eabi.lib</file>
         <name>fputc.c.obj</name>
      </input_file>
      <input_file id="fl-c2">
         <path>D:\Program Files\ti\ccs\tools\compiler\ti-cgt-arm_18.12.2.LTS\lib\</path>
         <kind>archive</kind>
         <file>rtsv7M4_T_le_v4SPD16_eabi.lib</file>
         <name>fputs.c.obj</name>
      </input_file>
      <input_file id="fl-c3">
         <path>D:\Program Files\ti\ccs\tools\compiler\ti-cgt-arm_18.12.2.LTS\lib\</path>
         <kind>archive</kind>
         <file>rtsv7M4_T_le_v4SPD16_eabi.lib</file>
         <name>_io_perm.c.obj</name>
      </input_file>
      <input_file id="fl-c4">
         <path>D:\Program Files\ti\ccs\tools\compiler\ti-cgt-arm_18.12.2.LTS\lib\</path>
         <kind>archive</kind>
         <file>rtsv7M4_T_le_v4SPD16_eabi.lib</file>
         <name>setvbuf.c.obj</name>
      </input_file>
      <input_file id="fl-c5">
         <path>D:\Program Files\ti\ccs\tools\compiler\ti-cgt-arm_18.12.2.LTS\lib\</path>
         <kind>archive</kind>
         <file>rtsv7M4_T_le_v4SPD16_eabi.lib</file>
         <name>s_frexp.c.obj</name>
      </input_file>
      <input_file id="fl-c6">
         <path>D:\Program Files\ti\ccs\tools\compiler\ti-cgt-arm_18.12.2.LTS\lib\</path>
         <kind>archive</kind>
         <file>rtsv7M4_T_le_v4SPD16_eabi.lib</file>
         <name>s_scalbn.c.obj</name>
      </input_file>
      <input_file id="fl-c7">
         <path>D:\Program Files\ti\ccs\tools\compiler\ti-cgt-arm_18.12.2.LTS\lib\</path>
         <kind>archive</kind>
         <file>rtsv7M4_T_le_v4SPD16_eabi.lib</file>
         <name>ull_div_t2.asm.obj</name>
      </input_file>
      <input_file id="fl-c8">
         <path>D:\Program Files\ti\ccs\tools\compiler\ti-cgt-arm_18.12.2.LTS\lib\</path>
         <kind>archive</kind>
         <file>rtsv7M4_T_le_v4SPD16_eabi.lib</file>
         <name>memset_t2.asm.obj</name>
      </input_file>
      <input_file id="fl-c9">
         <path>D:\Program Files\ti\ccs\tools\compiler\ti-cgt-arm_18.12.2.LTS\lib\</path>
         <kind>archive</kind>
         <file>rtsv7M4_T_le_v4SPD16_eabi.lib</file>
         <name>fd_add_t2.asm.obj</name>
      </input_file>
      <input_file id="fl-ca">
         <path>D:\Program Files\ti\ccs\tools\compiler\ti-cgt-arm_18.12.2.LTS\lib\</path>
         <kind>archive</kind>
         <file>rtsv7M4_T_le_v4SPD16_eabi.lib</file>
         <name>fd_cmp_t2.asm.obj</name>
      </input_file>
      <input_file id="fl-cb">
         <path>D:\Program Files\ti\ccs\tools\compiler\ti-cgt-arm_18.12.2.LTS\lib\</path>
         <kind>archive</kind>
         <file>rtsv7M4_T_le_v4SPD16_eabi.lib</file>
         <name>fd_div_t2.asm.obj</name>
      </input_file>
      <input_file id="fl-cc">
         <path>D:\Program Files\ti\ccs\tools\compiler\ti-cgt-arm_18.12.2.LTS\lib\</path>
         <kind>archive</kind>
         <file>rtsv7M4_T_le_v4SPD16_eabi.lib</file>
         <name>fd_mul_t2.asm.obj</name>
      </input_file>
      <input_file id="fl-cd">
         <path>D:\Program Files\ti\ccs\tools\compiler\ti-cgt-arm_18.12.2.LTS\lib\</path>
         <kind>archive</kind>
         <file>rtsv7M4_T_le_v4SPD16_eabi.lib</file>
         <name>fd_toi_t2.asm.obj</name>
      </input_file>
      <input_file id="fl-ce">
         <path>D:\Program Files\ti\ccs\tools\compiler\ti-cgt-arm_18.12.2.LTS\lib\</path>
         <kind>archive</kind>
         <file>rtsv7M4_T_le_v4SPD16_eabi.lib</file>
         <name>i_tofd_t2.asm.obj</name>
      </input_file>
      <input_file id="fl-cf">
         <path>D:\Program Files\ti\ccs\tools\compiler\ti-cgt-arm_18.12.2.LTS\lib\</path>
         <kind>archive</kind>
         <file>rtsv7M4_T_le_v4SPD16_eabi.lib</file>
         <name>memcpy_t2.asm.obj</name>
      </input_file>
      <input_file id="fl-d0">
         <path>D:\Program Files\ti\ccs\tools\compiler\ti-cgt-arm_18.12.2.LTS\lib\</path>
         <kind>archive</kind>
         <file>rtsv7M4_T_le_v4SPD16_eabi.lib</file>
         <name>copy_zero_init.c.obj</name>
      </input_file>
      <input_file id="fl-d1">
         <path>D:\Program Files\ti\ccs\tools\compiler\ti-cgt-arm_18.12.2.LTS\lib\</path>
         <kind>archive</kind>
         <file>rtsv7M4_T_le_v4SPD16_eabi.lib</file>
         <name>copy_decompress_none.c.obj</name>
      </input_file>
      <input_file id="fl-d2">
         <path>D:\Program Files\ti\ccs\tools\compiler\ti-cgt-arm_18.12.2.LTS\lib\</path>
         <kind>archive</kind>
         <file>rtsv7M4_T_le_v4SPD16_eabi.lib</file>
         <name>copy_decompress_lzss.c.obj</name>
      </input_file>
      <input_file id="fl-d3">
         <path>D:\Program Files\ti\ccs\tools\compiler\ti-cgt-arm_18.12.2.LTS\lib\</path>
         <kind>archive</kind>
         <file>rtsv7M4_T_le_v4SPD16_eabi.lib</file>
         <name>exit.c.obj</name>
      </input_file>
      <input_file id="fl-d4">
         <path>D:\Program Files\ti\ccs\tools\compiler\ti-cgt-arm_18.12.2.LTS\lib\</path>
         <kind>archive</kind>
         <file>rtsv7M4_T_le_v4SPD16_eabi.lib</file>
         <name>_lock.c.obj</name>
      </input_file>
      <input_file id="fl-d5">
         <path>D:\Program Files\ti\ccs\tools\compiler\ti-cgt-arm_18.12.2.LTS\lib\</path>
         <kind>archive</kind>
         <file>rtsv7M4_T_le_v4SPD16_eabi.lib</file>
         <name>atoi.c.obj</name>
      </input_file>
      <input_file id="fl-d6">
         <path>D:\Program Files\ti\ccs\tools\compiler\ti-cgt-arm_18.12.2.LTS\lib\</path>
         <kind>archive</kind>
         <file>rtsv7M4_T_le_v4SPD16_eabi.lib</file>
         <name>ctype.c.obj</name>
      </input_file>
      <input_file id="fl-d7">
         <path>D:\Program Files\ti\ccs\tools\compiler\ti-cgt-arm_18.12.2.LTS\lib\</path>
         <kind>archive</kind>
         <file>rtsv7M4_T_le_v4SPD16_eabi.lib</file>
         <name>defs.c.obj</name>
      </input_file>
      <input_file id="fl-d8">
         <path>D:\Program Files\ti\ccs\tools\compiler\ti-cgt-arm_18.12.2.LTS\lib\</path>
         <kind>archive</kind>
         <file>rtsv7M4_T_le_v4SPD16_eabi.lib</file>
         <name>ltoa.c.obj</name>
      </input_file>
      <input_file id="fl-d9">
         <path>D:\Program Files\ti\ccs\tools\compiler\ti-cgt-arm_18.12.2.LTS\lib\</path>
         <kind>archive</kind>
         <file>rtsv7M4_T_le_v4SPD16_eabi.lib</file>
         <name>memccpy.c.obj</name>
      </input_file>
      <input_file id="fl-da">
         <path>D:\Program Files\ti\ccs\tools\compiler\ti-cgt-arm_18.12.2.LTS\lib\</path>
         <kind>archive</kind>
         <file>rtsv7M4_T_le_v4SPD16_eabi.lib</file>
         <name>memchr.c.obj</name>
      </input_file>
      <input_file id="fl-db">
         <path>D:\Program Files\ti\ccs\tools\compiler\ti-cgt-arm_18.12.2.LTS\lib\</path>
         <kind>archive</kind>
         <file>rtsv7M4_T_le_v4SPD16_eabi.lib</file>
         <name>memory.c.obj</name>
      </input_file>
      <input_file id="fl-dc">
         <path>D:\Program Files\ti\ccs\tools\compiler\ti-cgt-arm_18.12.2.LTS\lib\</path>
         <kind>archive</kind>
         <file>rtsv7M4_T_le_v4SPD16_eabi.lib</file>
         <name>strchr.c.obj</name>
      </input_file>
      <input_file id="fl-dd">
         <path>D:\Program Files\ti\ccs\tools\compiler\ti-cgt-arm_18.12.2.LTS\lib\</path>
         <kind>archive</kind>
         <file>rtsv7M4_T_le_v4SPD16_eabi.lib</file>
         <name>strlen.c.obj</name>
      </input_file>
      <input_file id="fl-de">
         <path>D:\Program Files\ti\ccs\tools\compiler\ti-cgt-arm_18.12.2.LTS\lib\</path>
         <kind>archive</kind>
         <file>rtsv7M4_T_le_v4SPD16_eabi.lib</file>
         <name>write.c.obj</name>
      </input_file>
      <input_file id="fl-df">
         <path>D:\Program Files\ti\ccs\tools\compiler\ti-cgt-arm_18.12.2.LTS\lib\</path>
         <kind>archive</kind>
         <file>rtsv7M4_T_le_v4SPD16_eabi.lib</file>
         <name>host_device.c.obj</name>
      </input_file>
      <input_file id="fl-e0">
         <path>D:\Program Files\ti\ccs\tools\compiler\ti-cgt-arm_18.12.2.LTS\lib\</path>
         <kind>archive</kind>
         <file>rtsv7M4_T_le_v4SPD16_eabi.lib</file>
         <name>boot_cortex_m.c.obj</name>
      </input_file>
      <input_file id="fl-e1">
         <path>D:\Program Files\ti\ccs\tools\compiler\ti-cgt-arm_18.12.2.LTS\lib\</path>
         <kind>archive</kind>
         <file>rtsv7M4_T_le_v4SPD16_eabi.lib</file>
         <name>errno.c.obj</name>
      </input_file>
      <input_file id="fl-e2">
         <path>D:\Program Files\ti\ccs\tools\compiler\ti-cgt-arm_18.12.2.LTS\lib\</path>
         <kind>archive</kind>
         <file>rtsv7M4_T_le_v4SPD16_eabi.lib</file>
         <name>wcslen.c.obj</name>
      </input_file>
      <input_file id="fl-e3">
         <path>D:\Program Files\ti\ccs\tools\compiler\ti-cgt-arm_18.12.2.LTS\lib\</path>
         <kind>archive</kind>
         <file>rtsv7M4_T_le_v4SPD16_eabi.lib</file>
         <name>s_copysign.c.obj</name>
      </input_file>
      <input_file id="fl-e4">
         <path>D:\Program Files\ti\ccs\tools\compiler\ti-cgt-arm_18.12.2.LTS\lib\</path>
         <kind>archive</kind>
         <file>rtsv7M4_T_le_v4SPD16_eabi.lib</file>
         <name>fflush.c.obj</name>
      </input_file>
      <input_file id="fl-e5">
         <path>D:\Program Files\ti\ccs\tools\compiler\ti-cgt-arm_18.12.2.LTS\lib\</path>
         <kind>archive</kind>
         <file>rtsv7M4_T_le_v4SPD16_eabi.lib</file>
         <name>fopen.c.obj</name>
      </input_file>
      <input_file id="fl-e6">
         <path>D:\Program Files\ti\ccs\tools\compiler\ti-cgt-arm_18.12.2.LTS\lib\</path>
         <kind>archive</kind>
         <file>rtsv7M4_T_le_v4SPD16_eabi.lib</file>
         <name>fseek.c.obj</name>
      </input_file>
      <input_file id="fl-e7">
         <path>D:\Program Files\ti\ccs\tools\compiler\ti-cgt-arm_18.12.2.LTS\lib\</path>
         <kind>archive</kind>
         <file>rtsv7M4_T_le_v4SPD16_eabi.lib</file>
         <name>div0.asm.obj</name>
      </input_file>
      <input_file id="fl-e8">
         <path>D:\Program Files\ti\ccs\tools\compiler\ti-cgt-arm_18.12.2.LTS\lib\</path>
         <kind>archive</kind>
         <file>rtsv7M4_T_le_v4SPD16_eabi.lib</file>
         <name>autoinit.c.obj</name>
      </input_file>
      <input_file id="fl-e9">
         <path>D:\Program Files\ti\ccs\tools\compiler\ti-cgt-arm_18.12.2.LTS\lib\</path>
         <kind>archive</kind>
         <file>rtsv7M4_T_le_v4SPD16_eabi.lib</file>
         <name>pre_init.c.obj</name>
      </input_file>
      <input_file id="fl-ea">
         <path>D:\Program Files\ti\ccs\tools\compiler\ti-cgt-arm_18.12.2.LTS\lib\</path>
         <kind>archive</kind>
         <file>rtsv7M4_T_le_v4SPD16_eabi.lib</file>
         <name>cpy_tbl.c.obj</name>
      </input_file>
      <input_file id="fl-eb">
         <path>D:\Program Files\ti\ccs\tools\compiler\ti-cgt-arm_18.12.2.LTS\lib\</path>
         <kind>archive</kind>
         <file>rtsv7M4_T_le_v4SPD16_eabi.lib</file>
         <name>args_main.c.obj</name>
      </input_file>
      <input_file id="fl-ec">
         <path>D:\Program Files\ti\ccs\tools\compiler\ti-cgt-arm_18.12.2.LTS\lib\</path>
         <kind>archive</kind>
         <file>rtsv7M4_T_le_v4SPD16_eabi.lib</file>
         <name>hostclose.c.obj</name>
      </input_file>
      <input_file id="fl-ed">
         <path>D:\Program Files\ti\ccs\tools\compiler\ti-cgt-arm_18.12.2.LTS\lib\</path>
         <kind>archive</kind>
         <file>rtsv7M4_T_le_v4SPD16_eabi.lib</file>
         <name>hostlseek.c.obj</name>
      </input_file>
      <input_file id="fl-ee">
         <path>D:\Program Files\ti\ccs\tools\compiler\ti-cgt-arm_18.12.2.LTS\lib\</path>
         <kind>archive</kind>
         <file>rtsv7M4_T_le_v4SPD16_eabi.lib</file>
         <name>hostopen.c.obj</name>
      </input_file>
      <input_file id="fl-ef">
         <path>D:\Program Files\ti\ccs\tools\compiler\ti-cgt-arm_18.12.2.LTS\lib\</path>
         <kind>archive</kind>
         <file>rtsv7M4_T_le_v4SPD16_eabi.lib</file>
         <name>hostread.c.obj</name>
      </input_file>
      <input_file id="fl-f0">
         <path>D:\Program Files\ti\ccs\tools\compiler\ti-cgt-arm_18.12.2.LTS\lib\</path>
         <kind>archive</kind>
         <file>rtsv7M4_T_le_v4SPD16_eabi.lib</file>
         <name>hostrename.c.obj</name>
      </input_file>
      <input_file id="fl-f1">
         <path>D:\Program Files\ti\ccs\tools\compiler\ti-cgt-arm_18.12.2.LTS\lib\</path>
         <kind>archive</kind>
         <file>rtsv7M4_T_le_v4SPD16_eabi.lib</file>
         <name>hostunlink.c.obj</name>
      </input_file>
      <input_file id="fl-f2">
         <path>D:\Program Files\ti\ccs\tools\compiler\ti-cgt-arm_18.12.2.LTS\lib\</path>
         <kind>archive</kind>
         <file>rtsv7M4_T_le_v4SPD16_eabi.lib</file>
         <name>hostwrite.c.obj</name>
      </input_file>
      <input_file id="fl-f3">
         <path>D:\Program Files\ti\ccs\tools\compiler\ti-cgt-arm_18.12.2.LTS\lib\</path>
         <kind>archive</kind>
         <file>rtsv7M4_T_le_v4SPD16_eabi.lib</file>
         <name>trgmsg.c.obj</name>
      </input_file>
      <input_file id="fl-f4">
         <path>D:\Program Files\ti\ccs\tools\compiler\ti-cgt-arm_18.12.2.LTS\lib\</path>
         <kind>archive</kind>
         <file>rtsv7M4_T_le_v4SPD16_eabi.lib</file>
         <name>open.c.obj</name>
      </input_file>
      <input_file id="fl-f5">
         <path>D:\Program Files\ti\ccs\tools\compiler\ti-cgt-arm_18.12.2.LTS\lib\</path>
         <kind>archive</kind>
         <file>rtsv7M4_T_le_v4SPD16_eabi.lib</file>
         <name>lseek.c.obj</name>
      </input_file>
      <input_file id="fl-f6">
         <path>D:\Program Files\ti\ccs\tools\compiler\ti-cgt-arm_18.12.2.LTS\lib\</path>
         <kind>archive</kind>
         <file>rtsv7M4_T_le_v4SPD16_eabi.lib</file>
         <name>fclose.c.obj</name>
      </input_file>
      <input_file id="fl-f7">
         <path>D:\Program Files\ti\ccs\tools\compiler\ti-cgt-arm_18.12.2.LTS\lib\</path>
         <kind>archive</kind>
         <file>rtsv7M4_T_le_v4SPD16_eabi.lib</file>
         <name>getdevice.c.obj</name>
      </input_file>
      <input_file id="fl-f8">
         <path>D:\Program Files\ti\ccs\tools\compiler\ti-cgt-arm_18.12.2.LTS\lib\</path>
         <kind>archive</kind>
         <file>rtsv7M4_T_le_v4SPD16_eabi.lib</file>
         <name>strcmp.c.obj</name>
      </input_file>
      <input_file id="fl-f9">
         <path>D:\Program Files\ti\ccs\tools\compiler\ti-cgt-arm_18.12.2.LTS\lib\</path>
         <kind>archive</kind>
         <file>rtsv7M4_T_le_v4SPD16_eabi.lib</file>
         <name>strcpy.c.obj</name>
      </input_file>
      <input_file id="fl-fa">
         <path>D:\Program Files\ti\ccs\tools\compiler\ti-cgt-arm_18.12.2.LTS\lib\</path>
         <kind>archive</kind>
         <file>rtsv7M4_T_le_v4SPD16_eabi.lib</file>
         <name>strncpy.c.obj</name>
      </input_file>
      <input_file id="fl-fb">
         <path>D:\Program Files\ti\ccs\tools\compiler\ti-cgt-arm_18.12.2.LTS\lib\</path>
         <kind>archive</kind>
         <file>rtsv7M4_T_le_v4SPD16_eabi.lib</file>
         <name>remove.c.obj</name>
      </input_file>
      <input_file id="fl-fc">
         <path>D:\Program Files\ti\ccs\tools\compiler\ti-cgt-arm_18.12.2.LTS\lib\</path>
         <kind>archive</kind>
         <file>rtsv7M4_T_le_v4SPD16_eabi.lib</file>
         <name>close.c.obj</name>
      </input_file>
      <input_file id="fl-fd">
         <path>D:\Program Files\ti\ccs\tools\compiler\ti-cgt-arm_18.12.2.LTS\lib\</path>
         <kind>archive</kind>
         <file>rtsv7M4_T_le_v4SPD16_eabi.lib</file>
         <name>unlink.c.obj</name>
      </input_file>
      <input_file id="fl-fe">
         <path>D:\Program Files\ti\msp432_driverlib_3_21_00_05\driverlib\MSP432P4xx\ccs\</path>
         <kind>archive</kind>
         <file>msp432p4xx_driverlib.lib</file>
         <name>cs.o</name>
      </input_file>
      <input_file id="fl-ff">
         <path>D:\Program Files\ti\msp432_driverlib_3_21_00_05\driverlib\MSP432P4xx\ccs\</path>
         <kind>archive</kind>
         <file>msp432p4xx_driverlib.lib</file>
         <name>gpio.o</name>
      </input_file>
      <input_file id="fl-100">
         <path>D:\Program Files\ti\msp432_driverlib_3_21_00_05\driverlib\MSP432P4xx\ccs\</path>
         <kind>archive</kind>
         <file>msp432p4xx_driverlib.lib</file>
         <name>interrupt.o</name>
      </input_file>
      <input_file id="fl-101">
         <path>D:\Program Files\ti\msp432_driverlib_3_21_00_05\driverlib\MSP432P4xx\ccs\</path>
         <kind>archive</kind>
         <file>msp432p4xx_driverlib.lib</file>
         <name>sysctl.o</name>
      </input_file>
      <input_file id="fl-102">
         <path>D:\Program Files\ti\msp432_driverlib_3_21_00_05\driverlib\MSP432P4xx\ccs\</path>
         <kind>archive</kind>
         <file>msp432p4xx_driverlib.lib</file>
         <name>uart.o</name>
      </input_file>
      <input_file id="fl-103">
         <path>D:\Program Files\ti\msp432_driverlib_3_21_00_05\driverlib\MSP432P4xx\ccs\</path>
         <kind>archive</kind>
         <file>msp432p4xx_driverlib.lib</file>
         <name>wdt_a.o</name>
      </input_file>
      <input_file id="fl-104">
         <path>D:\Program Files\ti\msp432_driverlib_3_21_00_05\driverlib\MSP432P4xx\ccs\</path>
         <kind>archive</kind>
         <file>msp432p4xx_driverlib.lib</file>
         <name>cpu.o</name>
      </input_file>
   </input_file_list>
   <object_component_list>
      <object_component id="oc-23">
         <name>.intvecs:retain</name>
         <load_address>0x0</load_address>
         <run_address>0x0</run_address>
         <size>0xe4</size>
         <input_file_ref idref="fl-3"/>
      </object_component>
      <object_component id="oc-192">
         <name>.text:__TI_printfi</name>
         <load_address>0xe4</load_address>
         <run_address>0xe4</run_address>
         <size>0xa4e</size>
         <input_file_ref idref="fl-c0"/>
      </object_component>
      <object_component id="oc-272">
         <name>.text:_nop</name>
         <load_address>0xb32</load_address>
         <run_address>0xb32</run_address>
         <size>0x2</size>
         <input_file_ref idref="fl-d4"/>
      </object_component>
      <object_component id="oc-6d">
         <name>.text</name>
         <load_address>0xb34</load_address>
         <run_address>0xb34</run_address>
         <size>0x8b0</size>
         <input_file_ref idref="fl-2"/>
      </object_component>
      <object_component id="oc-a9">
         <name>.text</name>
         <load_address>0x13e4</load_address>
         <run_address>0x13e4</run_address>
         <size>0x334</size>
         <input_file_ref idref="fl-4"/>
      </object_component>
      <object_component id="oc-24e">
         <name>.text:_pconv_a</name>
         <load_address>0x1718</load_address>
         <run_address>0x1718</run_address>
         <size>0x270</size>
         <input_file_ref idref="fl-c0"/>
      </object_component>
      <object_component id="oc-23c">
         <name>.text:_pconv_g</name>
         <load_address>0x1988</load_address>
         <run_address>0x1988</run_address>
         <size>0x1d0</size>
         <input_file_ref idref="fl-c0"/>
      </object_component>
      <object_component id="oc-2f9">
         <name>.text</name>
         <load_address>0x1b58</load_address>
         <run_address>0x1b58</run_address>
         <size>0x1b6</size>
         <input_file_ref idref="fl-c9"/>
      </object_component>
      <object_component id="oc-37e">
         <name>.text</name>
         <load_address>0x1d0e</load_address>
         <run_address>0x1d0e</run_address>
         <size>0x2</size>
         <input_file_ref idref="fl-e7"/>
      </object_component>
      <object_component id="oc-bc">
         <name>.text:CS_setDCOFrequency</name>
         <load_address>0x1d10</load_address>
         <run_address>0x1d10</run_address>
         <size>0x14c</size>
         <input_file_ref idref="fl-fe"/>
      </object_component>
      <object_component id="oc-248">
         <name>.text:_pconv_e</name>
         <load_address>0x1e5c</load_address>
         <run_address>0x1e5c</run_address>
         <size>0x13c</size>
         <input_file_ref idref="fl-c0"/>
      </object_component>
      <object_component id="oc-2df">
         <name>.text</name>
         <load_address>0x1f98</load_address>
         <run_address>0x1f98</run_address>
         <size>0x136</size>
         <input_file_ref idref="fl-cb"/>
      </object_component>
      <object_component id="oc-30b">
         <name>.text:fcvt</name>
         <load_address>0x20d0</load_address>
         <run_address>0x20d0</run_address>
         <size>0x124</size>
         <input_file_ref idref="fl-c0"/>
      </object_component>
      <object_component id="oc-280">
         <name>.text:fputs</name>
         <load_address>0x21f4</load_address>
         <run_address>0x21f4</run_address>
         <size>0x114</size>
         <input_file_ref idref="fl-c2"/>
      </object_component>
      <object_component id="oc-31f">
         <name>.text:scalbn</name>
         <load_address>0x2308</load_address>
         <run_address>0x2308</run_address>
         <size>0x110</size>
         <input_file_ref idref="fl-c6"/>
      </object_component>
      <object_component id="oc-2da">
         <name>.text</name>
         <load_address>0x2418</load_address>
         <run_address>0x2418</run_address>
         <size>0xfc</size>
         <input_file_ref idref="fl-cc"/>
      </object_component>
      <object_component id="oc-427">
         <name>.text:aligned_alloc</name>
         <load_address>0x2514</load_address>
         <run_address>0x2514</run_address>
         <size>0xf4</size>
         <input_file_ref idref="fl-db"/>
      </object_component>
      <object_component id="oc-3e5">
         <name>.text:free</name>
         <load_address>0x2608</load_address>
         <run_address>0x2608</run_address>
         <size>0xe8</size>
         <input_file_ref idref="fl-db"/>
      </object_component>
      <object_component id="oc-c2">
         <name>.text:CS_initClockSignal</name>
         <load_address>0x26f0</load_address>
         <run_address>0x26f0</run_address>
         <size>0xe0</size>
         <input_file_ref idref="fl-fe"/>
      </object_component>
      <object_component id="oc-3b9">
         <name>.text:setvbuf</name>
         <load_address>0x27d0</load_address>
         <run_address>0x27d0</run_address>
         <size>0xdc</size>
         <input_file_ref idref="fl-c4"/>
      </object_component>
      <object_component id="oc-231">
         <name>.text:_ltostr</name>
         <load_address>0x28ac</load_address>
         <run_address>0x28ac</run_address>
         <size>0xb1</size>
         <input_file_ref idref="fl-c0"/>
      </object_component>
      <object_component id="oc-37">
         <name>.text</name>
         <load_address>0x295e</load_address>
         <run_address>0x295e</run_address>
         <size>0x9c</size>
         <input_file_ref idref="fl-cf"/>
      </object_component>
      <object_component id="oc-2d3">
         <name>.text</name>
         <load_address>0x29fa</load_address>
         <run_address>0x29fa</run_address>
         <size>0x96</size>
         <input_file_ref idref="fl-c7"/>
      </object_component>
      <object_component id="oc-d4">
         <name>.text:UART_initModule</name>
         <load_address>0x2a90</load_address>
         <run_address>0x2a90</run_address>
         <size>0x94</size>
         <input_file_ref idref="fl-102"/>
      </object_component>
      <object_component id="oc-287">
         <name>.text:fputc</name>
         <load_address>0x2b24</load_address>
         <run_address>0x2b24</run_address>
         <size>0x8c</size>
         <input_file_ref idref="fl-c1"/>
      </object_component>
      <object_component id="oc-237">
         <name>.text:__aeabi_cdcmple</name>
         <load_address>0x2bb0</load_address>
         <run_address>0x2bb0</run_address>
         <size>0x86</size>
         <input_file_ref idref="fl-ca"/>
      </object_component>
      <object_component id="oc-2e4">
         <name>.text:__aeabi_cdrcmple</name>
         <load_address>0x2c36</load_address>
         <run_address>0x2c36</run_address>
         <size>0x86</size>
         <input_file_ref idref="fl-ca"/>
      </object_component>
      <object_component id="oc-46f">
         <name>.text:split</name>
         <load_address>0x2cbc</load_address>
         <run_address>0x2cbc</run_address>
         <size>0x7c</size>
         <input_file_ref idref="fl-db"/>
      </object_component>
      <object_component id="oc-91">
         <name>.text</name>
         <load_address>0x2d38</load_address>
         <run_address>0x2d38</run_address>
         <size>0x7a</size>
         <input_file_ref idref="fl-c8"/>
      </object_component>
      <object_component id="oc-42e">
         <name>.text:__TI_closefile</name>
         <load_address>0x2db4</load_address>
         <run_address>0x2db4</run_address>
         <size>0x74</size>
         <input_file_ref idref="fl-f6"/>
      </object_component>
      <object_component id="oc-304">
         <name>.text:_mcpy</name>
         <load_address>0x2e28</load_address>
         <run_address>0x2e28</run_address>
         <size>0x6e</size>
         <input_file_ref idref="fl-c0"/>
      </object_component>
      <object_component id="oc-452">
         <name>.text:HOSTlseek</name>
         <load_address>0x2e98</load_address>
         <run_address>0x2e98</run_address>
         <size>0x68</size>
         <input_file_ref idref="fl-ed"/>
      </object_component>
      <object_component id="oc-45e">
         <name>.text:HOSTrename</name>
         <load_address>0x2f00</load_address>
         <run_address>0x2f00</run_address>
         <size>0x68</size>
         <input_file_ref idref="fl-f0"/>
      </object_component>
      <object_component id="oc-14">
         <name>.text:decompress:lzss:__TI_decompress_lzss</name>
         <load_address>0x2f68</load_address>
         <run_address>0x2f68</run_address>
         <size>0x68</size>
         <input_file_ref idref="fl-d2"/>
      </object_component>
      <object_component id="oc-b0">
         <name>.text:printf</name>
         <load_address>0x2fd0</load_address>
         <run_address>0x2fd0</run_address>
         <size>0x68</size>
         <input_file_ref idref="fl-bf"/>
      </object_component>
      <object_component id="oc-f2">
         <name>.text:Interrupt_enableInterrupt</name>
         <load_address>0x3038</load_address>
         <run_address>0x3038</run_address>
         <size>0x64</size>
         <input_file_ref idref="fl-100"/>
      </object_component>
      <object_component id="oc-319">
         <name>.text:frexp</name>
         <load_address>0x309c</load_address>
         <run_address>0x309c</run_address>
         <size>0x64</size>
         <input_file_ref idref="fl-c5"/>
      </object_component>
      <object_component id="oc-3b3">
         <name>.text:fseek</name>
         <load_address>0x3100</load_address>
         <run_address>0x3100</run_address>
         <size>0x64</size>
         <input_file_ref idref="fl-e6"/>
      </object_component>
      <object_component id="oc-350">
         <name>.text:__TI_wrt_ok</name>
         <load_address>0x3164</load_address>
         <run_address>0x3164</run_address>
         <size>0x62</size>
         <input_file_ref idref="fl-c3"/>
      </object_component>
      <object_component id="oc-43a">
         <name>.text:HOSTopen</name>
         <load_address>0x31c8</load_address>
         <run_address>0x31c8</run_address>
         <size>0x60</size>
         <input_file_ref idref="fl-ee"/>
      </object_component>
      <object_component id="oc-476">
         <name>.text:close</name>
         <load_address>0x3228</load_address>
         <run_address>0x3228</run_address>
         <size>0x5c</size>
         <input_file_ref idref="fl-fc"/>
      </object_component>
      <object_component id="oc-446">
         <name>.text:HOSTread</name>
         <load_address>0x3284</load_address>
         <run_address>0x3284</run_address>
         <size>0x58</size>
         <input_file_ref idref="fl-ef"/>
      </object_component>
      <object_component id="oc-44c">
         <name>.text:HOSTwrite</name>
         <load_address>0x32dc</load_address>
         <run_address>0x32dc</run_address>
         <size>0x58</size>
         <input_file_ref idref="fl-f2"/>
      </object_component>
      <object_component id="oc-242">
         <name>.text:_pconv_f</name>
         <load_address>0x3334</load_address>
         <run_address>0x3334</run_address>
         <size>0x56</size>
         <input_file_ref idref="fl-c0"/>
      </object_component>
      <object_component id="oc-1be">
         <name>.text:CS_tuneDCOFrequency</name>
         <load_address>0x338c</load_address>
         <run_address>0x338c</run_address>
         <size>0x54</size>
         <input_file_ref idref="fl-fe"/>
      </object_component>
      <object_component id="oc-2ee">
         <name>.text:ltoa</name>
         <load_address>0x33e0</load_address>
         <run_address>0x33e0</run_address>
         <size>0x54</size>
         <input_file_ref idref="fl-d8"/>
      </object_component>
      <object_component id="oc-2fe">
         <name>.text:_ecpy</name>
         <load_address>0x3434</load_address>
         <run_address>0x3434</run_address>
         <size>0x52</size>
         <input_file_ref idref="fl-c0"/>
      </object_component>
      <object_component id="oc-1b8">
         <name>.text:SysCtl_getTLVInfo</name>
         <load_address>0x3488</load_address>
         <run_address>0x3488</run_address>
         <size>0x50</size>
         <input_file_ref idref="fl-101"/>
      </object_component>
      <object_component id="oc-e6">
         <name>.text:GPIO_setAsPeripheralModuleFunctionOutputPin</name>
         <load_address>0x34d8</load_address>
         <run_address>0x34d8</run_address>
         <size>0x4c</size>
         <input_file_ref idref="fl-ff"/>
      </object_component>
      <object_component id="oc-35c">
         <name>.text:__TI_doflush</name>
         <load_address>0x3524</load_address>
         <run_address>0x3524</run_address>
         <size>0x4c</size>
         <input_file_ref idref="fl-e4"/>
      </object_component>
      <object_component id="oc-116">
         <name>.text:atoi</name>
         <load_address>0x3570</load_address>
         <run_address>0x3570</run_address>
         <size>0x4c</size>
         <input_file_ref idref="fl-d5"/>
      </object_component>
      <object_component id="oc-e0">
         <name>.text:GPIO_setAsPeripheralModuleFunctionInputPin</name>
         <load_address>0x35bc</load_address>
         <run_address>0x35bc</run_address>
         <size>0x48</size>
         <input_file_ref idref="fl-ff"/>
      </object_component>
      <object_component id="oc-156">
         <name>.text:exit</name>
         <load_address>0x3604</load_address>
         <run_address>0x3604</run_address>
         <size>0x48</size>
         <input_file_ref idref="fl-d3"/>
      </object_component>
      <object_component id="oc-2e9">
         <name>.text</name>
         <load_address>0x364c</load_address>
         <run_address>0x364c</run_address>
         <size>0x48</size>
         <input_file_ref idref="fl-cd"/>
      </object_component>
      <object_component id="oc-440">
         <name>.text:HOSTclose</name>
         <load_address>0x3694</load_address>
         <run_address>0x3694</run_address>
         <size>0x44</size>
         <input_file_ref idref="fl-ec"/>
      </object_component>
      <object_component id="oc-458">
         <name>.text:HOSTunlink</name>
         <load_address>0x36d8</load_address>
         <run_address>0x36d8</run_address>
         <size>0x44</size>
         <input_file_ref idref="fl-f1"/>
      </object_component>
      <object_component id="oc-15c">
         <name>.text:__TI_auto_init_nobinit_nopinit:__TI_auto_init_nobinit_nopinit</name>
         <load_address>0x371c</load_address>
         <run_address>0x371c</run_address>
         <size>0x44</size>
         <input_file_ref idref="fl-e8"/>
      </object_component>
      <object_component id="oc-4ae">
         <name>.text:getdevice</name>
         <load_address>0x3760</load_address>
         <run_address>0x3760</run_address>
         <size>0x44</size>
         <input_file_ref idref="fl-f7"/>
      </object_component>
      <object_component id="oc-311">
         <name>.text:_fcpy</name>
         <load_address>0x37a4</load_address>
         <run_address>0x37a4</run_address>
         <size>0x3e</size>
         <input_file_ref idref="fl-c0"/>
      </object_component>
      <object_component id="oc-487">
         <name>.text:__TI_writemsg</name>
         <load_address>0x37e4</load_address>
         <run_address>0x37e4</run_address>
         <size>0x38</size>
         <input_file_ref idref="fl-f3"/>
      </object_component>
      <object_component id="oc-4d0">
         <name>.text:strncpy</name>
         <load_address>0x381c</load_address>
         <run_address>0x381c</run_address>
         <size>0x36</size>
         <input_file_ref idref="fl-fa"/>
      </object_component>
      <object_component id="oc-3f1">
         <name>.text:__TI_cleanup</name>
         <load_address>0x3854</load_address>
         <run_address>0x3854</run_address>
         <size>0x34</size>
         <input_file_ref idref="fl-e5"/>
      </object_component>
      <object_component id="oc-48d">
         <name>.text:__TI_readmsg</name>
         <load_address>0x3888</load_address>
         <run_address>0x3888</run_address>
         <size>0x34</size>
         <input_file_ref idref="fl-f3"/>
      </object_component>
      <object_component id="oc-55">
         <name>.text:_c_int00_noargs:_c_int00_noargs</name>
         <load_address>0x38bc</load_address>
         <run_address>0x38bc</run_address>
         <size>0x34</size>
         <input_file_ref idref="fl-e0"/>
      </object_component>
      <object_component id="oc-ce">
         <name>.text:GPIO_setAsInputPinWithPullUpResistor</name>
         <load_address>0x38f0</load_address>
         <run_address>0x38f0</run_address>
         <size>0x30</size>
         <input_file_ref idref="fl-ff"/>
      </object_component>
      <object_component id="oc-4d6">
         <name>.text:finddevice</name>
         <load_address>0x3920</load_address>
         <run_address>0x3920</run_address>
         <size>0x30</size>
         <input_file_ref idref="fl-f7"/>
      </object_component>
      <object_component id="oc-2f4">
         <name>.text</name>
         <load_address>0x3950</load_address>
         <run_address>0x3950</run_address>
         <size>0x2e</size>
         <input_file_ref idref="fl-ce"/>
      </object_component>
      <object_component id="oc-47c">
         <name>.text:unlink</name>
         <load_address>0x3980</load_address>
         <run_address>0x3980</run_address>
         <size>0x2c</size>
         <input_file_ref idref="fl-fd"/>
      </object_component>
      <object_component id="oc-420">
         <name>.text:free_list_insert</name>
         <load_address>0x39ac</load_address>
         <run_address>0x39ac</run_address>
         <size>0x28</size>
         <input_file_ref idref="fl-db"/>
      </object_component>
      <object_component id="oc-3dd">
         <name>.text:lseek</name>
         <load_address>0x39d4</load_address>
         <run_address>0x39d4</run_address>
         <size>0x28</size>
         <input_file_ref idref="fl-f5"/>
      </object_component>
      <object_component id="oc-362">
         <name>.text:write</name>
         <load_address>0x39fc</load_address>
         <run_address>0x39fc</run_address>
         <size>0x28</size>
         <input_file_ref idref="fl-de"/>
      </object_component>
      <object_component id="oc-1b2">
         <name>.text:CS_setDCOCenteredFrequency</name>
         <load_address>0x3a24</load_address>
         <run_address>0x3a24</run_address>
         <size>0x24</size>
         <input_file_ref idref="fl-fe"/>
      </object_component>
      <object_component id="oc-c8">
         <name>.text:GPIO_setAsOutputPin</name>
         <load_address>0x3a48</load_address>
         <run_address>0x3a48</run_address>
         <size>0x24</size>
         <input_file_ref idref="fl-ff"/>
      </object_component>
      <object_component id="oc-110">
         <name>.text:UART_receiveData</name>
         <load_address>0x3a6c</load_address>
         <run_address>0x3a6c</run_address>
         <size>0x24</size>
         <input_file_ref idref="fl-102"/>
      </object_component>
      <object_component id="oc-356">
         <name>.text:memchr</name>
         <load_address>0x3a90</load_address>
         <run_address>0x3a90</run_address>
         <size>0x20</size>
         <input_file_ref idref="fl-da"/>
      </object_component>
      <object_component id="oc-43">
         <name>.text:decompress:ZI:__TI_zero_init_nomemset:__TI_zero_init_nomemset</name>
         <load_address>0x3ab0</load_address>
         <run_address>0x3ab0</run_address>
         <size>0x1c</size>
         <input_file_ref idref="fl-d0"/>
      </object_component>
      <object_component id="oc-41a">
         <name>.text:free_list_remove</name>
         <load_address>0x3acc</load_address>
         <run_address>0x3acc</run_address>
         <size>0x1c</size>
         <input_file_ref idref="fl-db"/>
      </object_component>
      <object_component id="oc-254">
         <name>.text:memccpy</name>
         <load_address>0x3ae8</load_address>
         <run_address>0x3ae8</run_address>
         <size>0x1c</size>
         <input_file_ref idref="fl-d9"/>
      </object_component>
      <object_component id="oc-397">
         <name>.text:copysign</name>
         <load_address>0x3b04</load_address>
         <run_address>0x3b04</run_address>
         <size>0x1a</size>
         <input_file_ref idref="fl-e3"/>
      </object_component>
      <object_component id="oc-104">
         <name>.text:GPIO_setOutputLowOnPin</name>
         <load_address>0x3b20</load_address>
         <run_address>0x3b20</run_address>
         <size>0x18</size>
         <input_file_ref idref="fl-ff"/>
      </object_component>
      <object_component id="oc-b6">
         <name>.text:WDT_A_holdTimer</name>
         <load_address>0x3b38</load_address>
         <run_address>0x3b38</run_address>
         <size>0x18</size>
         <input_file_ref idref="fl-103"/>
      </object_component>
      <object_component id="oc-4ed">
         <name>.text:strcmp</name>
         <load_address>0x3b50</load_address>
         <run_address>0x3b50</run_address>
         <size>0x18</size>
         <input_file_ref idref="fl-f8"/>
      </object_component>
      <object_component id="oc-ec">
         <name>.text:UART_enableInterrupt</name>
         <load_address>0x3b68</load_address>
         <run_address>0x3b68</run_address>
         <size>0x16</size>
         <input_file_ref idref="fl-102"/>
      </object_component>
      <object_component id="oc-325">
         <name>.text:strchr</name>
         <load_address>0x3b7e</load_address>
         <run_address>0x3b7e</run_address>
         <size>0x16</size>
         <input_file_ref idref="fl-dc"/>
      </object_component>
      <object_component id="oc-fe">
         <name>.text:GPIO_setOutputHighOnPin</name>
         <load_address>0x3b94</load_address>
         <run_address>0x3b94</run_address>
         <size>0x14</size>
         <input_file_ref idref="fl-ff"/>
      </object_component>
      <object_component id="oc-4a1">
         <name>.text:strcpy</name>
         <load_address>0x3ba8</load_address>
         <run_address>0x3ba8</run_address>
         <size>0x14</size>
         <input_file_ref idref="fl-f9"/>
      </object_component>
      <object_component id="oc-22b">
         <name>.text:strlen</name>
         <load_address>0x3bbc</load_address>
         <run_address>0x3bbc</run_address>
         <size>0x14</size>
         <input_file_ref idref="fl-dd"/>
      </object_component>
      <object_component id="oc-25a">
         <name>.text:wcslen</name>
         <load_address>0x3bd0</load_address>
         <run_address>0x3bd0</run_address>
         <size>0x12</size>
         <input_file_ref idref="fl-e2"/>
      </object_component>
      <object_component id="oc-f8">
         <name>.text:Interrupt_enableMaster</name>
         <load_address>0x3be2</load_address>
         <run_address>0x3be2</run_address>
         <size>0x10</size>
         <input_file_ref idref="fl-100"/>
      </object_component>
      <object_component id="oc-1a">
         <name>.text:decompress:none:__TI_decompress_none</name>
         <load_address>0x3bf2</load_address>
         <run_address>0x3bf2</run_address>
         <size>0xe</size>
         <input_file_ref idref="fl-d1"/>
      </object_component>
      <object_component id="oc-67">
         <name>.text</name>
         <load_address>0x3c00</load_address>
         <run_address>0x3c00</run_address>
         <size>0xe</size>
         <input_file_ref idref="fl-3"/>
      </object_component>
      <object_component id="oc-1de">
         <name>.text:CPU_cpsie</name>
         <load_address>0x3c0e</load_address>
         <run_address>0x3c0e</run_address>
         <size>0xc</size>
         <input_file_ref idref="fl-104"/>
      </object_component>
      <object_component id="oc-da">
         <name>.text:UART_enableModule</name>
         <load_address>0x3c1a</load_address>
         <run_address>0x3c1a</run_address>
         <size>0xc</size>
         <input_file_ref idref="fl-102"/>
      </object_component>
      <object_component id="oc-260">
         <name>.text:__aeabi_errno_addr</name>
         <load_address>0x3c28</load_address>
         <run_address>0x3c28</run_address>
         <size>0x8</size>
         <input_file_ref idref="fl-e1"/>
      </object_component>
      <object_component id="oc-3eb">
         <name>.text:malloc</name>
         <load_address>0x3c30</load_address>
         <run_address>0x3c30</run_address>
         <size>0x8</size>
         <input_file_ref idref="fl-db"/>
      </object_component>
      <object_component id="oc-1a4">
         <name>.text:_outc</name>
         <load_address>0x3c38</load_address>
         <run_address>0x3c38</run_address>
         <size>0x4</size>
         <input_file_ref idref="fl-bf"/>
      </object_component>
      <object_component id="oc-19e">
         <name>.text:_outs</name>
         <load_address>0x3c3c</load_address>
         <run_address>0x3c3c</run_address>
         <size>0x4</size>
         <input_file_ref idref="fl-bf"/>
      </object_component>
      <object_component id="oc-97">
         <name>.text:_system_pre_init</name>
         <load_address>0x3c40</load_address>
         <run_address>0x3c40</run_address>
         <size>0x4</size>
         <input_file_ref idref="fl-e9"/>
      </object_component>
      <object_component id="oc-150">
         <name>.text:abort:abort</name>
         <load_address>0x3c44</load_address>
         <run_address>0x3c44</run_address>
         <size>0x4</size>
         <input_file_ref idref="fl-d3"/>
      </object_component>
      <object_component id="oc-200">
         <name>.const:.string:_ctypes_</name>
         <load_address>0x3c48</load_address>
         <run_address>0x3c48</run_address>
         <size>0x101</size>
         <input_file_ref idref="fl-d6"/>
      </object_component>
      <object_component id="oc-1d9">
         <name>.const</name>
         <load_address>0x3d4c</load_address>
         <run_address>0x3d4c</run_address>
         <size>0x40</size>
         <input_file_ref idref="fl-100"/>
      </object_component>
      <object_component id="oc-10a">
         <name>.const:UART_init</name>
         <load_address>0x3d8c</load_address>
         <run_address>0x3d8c</run_address>
         <size>0x24</size>
         <input_file_ref idref="fl-2"/>
      </object_component>
      <object_component id="oc-52b">
         <name>.cinit..data.load</name>
         <load_address>0x3db0</load_address>
         <run_address>0x3db0</run_address>
         <size>0x96</size>
      </object_component>
      <object_component id="oc-529">
         <name>__TI_handler_table</name>
         <load_address>0x3e48</load_address>
         <run_address>0x3e48</run_address>
         <size>0xc</size>
      </object_component>
      <object_component id="oc-52c">
         <name>.cinit..bss.load</name>
         <load_address>0x3e58</load_address>
         <run_address>0x3e58</run_address>
         <size>0x8</size>
      </object_component>
      <object_component id="oc-52a">
         <name>__TI_cinit_table</name>
         <load_address>0x3e60</load_address>
         <run_address>0x3e60</run_address>
         <size>0x10</size>
      </object_component>
      <object_component id="oc-4fe">
         <name>.binit</name>
         <load_address>0x0</load_address>
         <run_address>0x0</run_address>
         <size>0x0</size>
      </object_component>
      <object_component id="oc-11f">
         <name>.data</name>
         <load_address>0x20000604</load_address>
         <run_address>0x20000604</run_address>
         <size>0xc</size>
         <input_file_ref idref="fl-2"/>
      </object_component>
      <object_component id="oc-18e">
         <name>.data</name>
         <load_address>0x20000624</load_address>
         <run_address>0x20000624</run_address>
         <size>0x4</size>
         <input_file_ref idref="fl-4"/>
      </object_component>
      <object_component id="oc-20d">
         <name>.data:$O1$$</name>
         <load_address>0x200005f8</load_address>
         <run_address>0x200005f8</run_address>
         <size>0xc</size>
         <input_file_ref idref="fl-d3"/>
      </object_component>
      <object_component id="oc-198">
         <name>.data:$O1$$</name>
         <load_address>0x20000610</load_address>
         <run_address>0x20000610</run_address>
         <size>0x8</size>
         <input_file_ref idref="fl-d4"/>
      </object_component>
      <object_component id="oc-19b">
         <name>.data:_ftable</name>
         <load_address>0x20000400</load_address>
         <run_address>0x20000400</run_address>
         <size>0xf0</size>
         <input_file_ref idref="fl-d7"/>
      </object_component>
      <object_component id="oc-434">
         <name>.data</name>
         <load_address>0x200005e8</load_address>
         <run_address>0x200005e8</run_address>
         <size>0x10</size>
         <input_file_ref idref="fl-d7"/>
      </object_component>
      <object_component id="oc-46a">
         <name>.data:$O1$$</name>
         <load_address>0x20000618</load_address>
         <run_address>0x20000618</run_address>
         <size>0x8</size>
         <input_file_ref idref="fl-db"/>
      </object_component>
      <object_component id="oc-404">
         <name>.data:_device</name>
         <load_address>0x200004f0</load_address>
         <run_address>0x200004f0</run_address>
         <size>0x78</size>
         <input_file_ref idref="fl-df"/>
      </object_component>
      <object_component id="oc-3c5">
         <name>.data:_stream</name>
         <load_address>0x20000568</load_address>
         <run_address>0x20000568</run_address>
         <size>0x50</size>
         <input_file_ref idref="fl-df"/>
      </object_component>
      <object_component id="oc-335">
         <name>.data</name>
         <load_address>0x20000620</load_address>
         <run_address>0x20000620</run_address>
         <size>0x4</size>
         <input_file_ref idref="fl-e1"/>
      </object_component>
      <object_component id="oc-1cd">
         <name>.data:GPIO_PORT_TO_BASE</name>
         <load_address>0x200005b8</load_address>
         <run_address>0x200005b8</run_address>
         <size>0x30</size>
         <input_file_ref idref="fl-ff"/>
      </object_component>
      <object_component id="oc-4b8">
         <name>.bss:_CIOBUF_</name>
         <uninitialized>true</uninitialized>
         <run_address>0x20000628</run_address>
         <size>0x120</size>
         <input_file_ref idref="fl-f3"/>
      </object_component>
      <object_component id="oc-10d">
         <name>.common:coordinates</name>
         <uninitialized>true</uninitialized>
         <run_address>0x200007e8</run_address>
         <size>0x18</size>
      </object_component>
      <object_component id="oc-11d">
         <name>.common:num</name>
         <uninitialized>true</uninitialized>
         <run_address>0x20000810</run_address>
         <size>0x4</size>
      </object_component>
      <object_component id="oc-11c">
         <name>.common:idxCoord</name>
         <uninitialized>true</uninitialized>
         <run_address>0x20000808</run_address>
         <size>0x4</size>
      </object_component>
      <object_component id="oc-11e">
         <name>.common:idxNum</name>
         <uninitialized>true</uninitialized>
         <run_address>0x2000080c</run_address>
         <size>0x4</size>
      </object_component>
      <object_component id="oc-482">
         <name>.common:__TI_tmpnams</name>
         <uninitialized>true</uninitialized>
         <run_address>0x20000748</run_address>
         <size>0xa0</size>
      </object_component>
      <object_component id="oc-493">
         <name>.common:parmbuf</name>
         <uninitialized>true</uninitialized>
         <run_address>0x20000800</run_address>
         <size>0x8</size>
      </object_component>
      <object_component id="oc-26">
         <name>.sysmem</name>
         <uninitialized>true</uninitialized>
         <run_address>0x20000000</run_address>
         <size>0x10</size>
         <input_file_ref idref="fl-db"/>
      </object_component>
      <object_component id="oc-52e">
         <name>.sysmem</name>
         <uninitialized>true</uninitialized>
         <run_address>0x20000000</run_address>
         <size>0x0</size>
      </object_component>
      <object_component id="oc-29">
         <name>.stack</name>
         <uninitialized>true</uninitialized>
         <run_address>0x2000fe00</run_address>
         <size>0x4</size>
         <input_file_ref idref="fl-e0"/>
      </object_component>
      <object_component id="oc-52d">
         <name>.stack</name>
         <uninitialized>true</uninitialized>
         <run_address>0x2000fe00</run_address>
         <size>0x0</size>
      </object_component>
      <object_component id="oc-10e">
         <name>.debug_info</name>
         <load_address>0x0</load_address>
         <run_address>0x0</run_address>
         <size>0xa7d</size>
         <input_file_ref idref="fl-2"/>
      </object_component>
      <object_component id="oc-120">
         <name>.debug_info</name>
         <load_address>0xa7d</load_address>
         <run_address>0xa7d</run_address>
         <size>0x144</size>
         <input_file_ref idref="fl-2"/>
      </object_component>
      <object_component id="oc-10b">
         <name>.debug_info</name>
         <load_address>0xbc1</load_address>
         <run_address>0xbc1</run_address>
         <size>0xfe</size>
         <input_file_ref idref="fl-2"/>
      </object_component>
      <object_component id="oc-6e">
         <name>.debug_info</name>
         <load_address>0xcbf</load_address>
         <run_address>0xcbf</run_address>
         <size>0x5a1</size>
         <input_file_ref idref="fl-2"/>
      </object_component>
      <object_component id="oc-12f">
         <name>.debug_info</name>
         <load_address>0x1260</load_address>
         <run_address>0x1260</run_address>
         <size>0x26b</size>
         <input_file_ref idref="fl-2"/>
      </object_component>
      <object_component id="oc-1f0">
         <name>.debug_info</name>
         <load_address>0x14cb</load_address>
         <run_address>0x14cb</run_address>
         <size>0x1055</size>
         <input_file_ref idref="fl-2"/>
      </object_component>
      <object_component id="oc-1eb">
         <name>.debug_info</name>
         <load_address>0x2520</load_address>
         <run_address>0x2520</run_address>
         <size>0x37e2</size>
         <input_file_ref idref="fl-2"/>
      </object_component>
      <object_component id="oc-123">
         <name>.debug_info</name>
         <load_address>0x5d02</load_address>
         <run_address>0x5d02</run_address>
         <size>0x8b</size>
         <input_file_ref idref="fl-2"/>
      </object_component>
      <object_component id="oc-207">
         <name>.debug_info</name>
         <load_address>0x5d8d</load_address>
         <run_address>0x5d8d</run_address>
         <size>0x297</size>
         <input_file_ref idref="fl-2"/>
      </object_component>
      <object_component id="oc-1fa">
         <name>.debug_info</name>
         <load_address>0x6024</load_address>
         <run_address>0x6024</run_address>
         <size>0xef</size>
         <input_file_ref idref="fl-2"/>
      </object_component>
      <object_component id="oc-128">
         <name>.debug_info</name>
         <load_address>0x6113</load_address>
         <run_address>0x6113</run_address>
         <size>0xbb</size>
         <input_file_ref idref="fl-2"/>
      </object_component>
      <object_component id="oc-1ac">
         <name>.debug_info</name>
         <load_address>0x61ce</load_address>
         <run_address>0x61ce</run_address>
         <size>0x2c</size>
         <input_file_ref idref="fl-2"/>
      </object_component>
      <object_component id="oc-1f5">
         <name>.debug_info</name>
         <load_address>0x61fa</load_address>
         <run_address>0x61fa</run_address>
         <size>0xee</size>
         <input_file_ref idref="fl-2"/>
      </object_component>
      <object_component id="oc-75">
         <name>.debug_info</name>
         <load_address>0x62e8</load_address>
         <run_address>0x62e8</run_address>
         <size>0x2f3</size>
         <input_file_ref idref="fl-3"/>
      </object_component>
      <object_component id="oc-24">
         <name>.debug_info</name>
         <load_address>0x65db</load_address>
         <run_address>0x65db</run_address>
         <size>0x11f</size>
         <input_file_ref idref="fl-3"/>
      </object_component>
      <object_component id="oc-69">
         <name>.debug_info</name>
         <load_address>0x66fa</load_address>
         <run_address>0x66fa</run_address>
         <size>0x1e6</size>
         <input_file_ref idref="fl-3"/>
      </object_component>
      <object_component id="oc-32">
         <name>.debug_info</name>
         <load_address>0x68e0</load_address>
         <run_address>0x68e0</run_address>
         <size>0x84</size>
         <input_file_ref idref="fl-3"/>
      </object_component>
      <object_component id="oc-18f">
         <name>.debug_info</name>
         <load_address>0x6964</load_address>
         <run_address>0x6964</run_address>
         <size>0x118</size>
         <input_file_ref idref="fl-4"/>
      </object_component>
      <object_component id="oc-ab">
         <name>.debug_info</name>
         <load_address>0x6a7c</load_address>
         <run_address>0x6a7c</run_address>
         <size>0x28a</size>
         <input_file_ref idref="fl-4"/>
      </object_component>
      <object_component id="oc-1ab">
         <name>.debug_info</name>
         <load_address>0x6d06</load_address>
         <run_address>0x6d06</run_address>
         <size>0x3e6</size>
         <input_file_ref idref="fl-bf"/>
      </object_component>
      <object_component id="oc-1a6">
         <name>.debug_info</name>
         <load_address>0x70ec</load_address>
         <run_address>0x70ec</run_address>
         <size>0x158</size>
         <input_file_ref idref="fl-bf"/>
      </object_component>
      <object_component id="oc-1a1">
         <name>.debug_info</name>
         <load_address>0x7244</load_address>
         <run_address>0x7244</run_address>
         <size>0x167</size>
         <input_file_ref idref="fl-bf"/>
      </object_component>
      <object_component id="oc-b1">
         <name>.debug_info</name>
         <load_address>0x73ab</load_address>
         <run_address>0x73ab</run_address>
         <size>0x1ad</size>
         <input_file_ref idref="fl-bf"/>
      </object_component>
      <object_component id="oc-290">
         <name>.debug_info</name>
         <load_address>0x7558</load_address>
         <run_address>0x7558</run_address>
         <size>0xb2</size>
         <input_file_ref idref="fl-bf"/>
      </object_component>
      <object_component id="oc-267">
         <name>.debug_info</name>
         <load_address>0x760a</load_address>
         <run_address>0x760a</run_address>
         <size>0x57c</size>
         <input_file_ref idref="fl-c0"/>
      </object_component>
      <object_component id="oc-232">
         <name>.debug_info</name>
         <load_address>0x7b86</load_address>
         <run_address>0x7b86</run_address>
         <size>0x21f</size>
         <input_file_ref idref="fl-c0"/>
      </object_component>
      <object_component id="oc-2ff">
         <name>.debug_info</name>
         <load_address>0x7da5</load_address>
         <run_address>0x7da5</run_address>
         <size>0x1b4</size>
         <input_file_ref idref="fl-c0"/>
      </object_component>
      <object_component id="oc-305">
         <name>.debug_info</name>
         <load_address>0x7f59</load_address>
         <run_address>0x7f59</run_address>
         <size>0x21c</size>
         <input_file_ref idref="fl-c0"/>
      </object_component>
      <object_component id="oc-23d">
         <name>.debug_info</name>
         <load_address>0x8175</load_address>
         <run_address>0x8175</run_address>
         <size>0x3bc</size>
         <input_file_ref idref="fl-c0"/>
      </object_component>
      <object_component id="oc-30c">
         <name>.debug_info</name>
         <load_address>0x8531</load_address>
         <run_address>0x8531</run_address>
         <size>0x306</size>
         <input_file_ref idref="fl-c0"/>
      </object_component>
      <object_component id="oc-312">
         <name>.debug_info</name>
         <load_address>0x8837</load_address>
         <run_address>0x8837</run_address>
         <size>0x216</size>
         <input_file_ref idref="fl-c0"/>
      </object_component>
      <object_component id="oc-243">
         <name>.debug_info</name>
         <load_address>0x8a4d</load_address>
         <run_address>0x8a4d</run_address>
         <size>0x216</size>
         <input_file_ref idref="fl-c0"/>
      </object_component>
      <object_component id="oc-249">
         <name>.debug_info</name>
         <load_address>0x8c63</load_address>
         <run_address>0x8c63</run_address>
         <size>0x305</size>
         <input_file_ref idref="fl-c0"/>
      </object_component>
      <object_component id="oc-24f">
         <name>.debug_info</name>
         <load_address>0x8f68</load_address>
         <run_address>0x8f68</run_address>
         <size>0x4b1</size>
         <input_file_ref idref="fl-c0"/>
      </object_component>
      <object_component id="oc-193">
         <name>.debug_info</name>
         <load_address>0x9419</load_address>
         <run_address>0x9419</run_address>
         <size>0x5f5</size>
         <input_file_ref idref="fl-c0"/>
      </object_component>
      <object_component id="oc-268">
         <name>.debug_info</name>
         <load_address>0x9a0e</load_address>
         <run_address>0x9a0e</run_address>
         <size>0x86</size>
         <input_file_ref idref="fl-c0"/>
      </object_component>
      <object_component id="oc-341">
         <name>.debug_info</name>
         <load_address>0x9a94</load_address>
         <run_address>0x9a94</run_address>
         <size>0x39</size>
         <input_file_ref idref="fl-c0"/>
      </object_component>
      <object_component id="oc-3ae">
         <name>.debug_info</name>
         <load_address>0x9acd</load_address>
         <run_address>0x9acd</run_address>
         <size>0xb6</size>
         <input_file_ref idref="fl-c0"/>
      </object_component>
      <object_component id="oc-346">
         <name>.debug_info</name>
         <load_address>0x9b83</load_address>
         <run_address>0x9b83</run_address>
         <size>0x46</size>
         <input_file_ref idref="fl-c0"/>
      </object_component>
      <object_component id="oc-26d">
         <name>.debug_info</name>
         <load_address>0x9bc9</load_address>
         <run_address>0x9bc9</run_address>
         <size>0x46</size>
         <input_file_ref idref="fl-c0"/>
      </object_component>
      <object_component id="oc-33c">
         <name>.debug_info</name>
         <load_address>0x9c0f</load_address>
         <run_address>0x9c0f</run_address>
         <size>0x2c</size>
         <input_file_ref idref="fl-c0"/>
      </object_component>
      <object_component id="oc-36b">
         <name>.debug_info</name>
         <load_address>0x9c3b</load_address>
         <run_address>0x9c3b</run_address>
         <size>0x384</size>
         <input_file_ref idref="fl-c1"/>
      </object_component>
      <object_component id="oc-288">
         <name>.debug_info</name>
         <load_address>0x9fbf</load_address>
         <run_address>0x9fbf</run_address>
         <size>0x1eb</size>
         <input_file_ref idref="fl-c1"/>
      </object_component>
      <object_component id="oc-369">
         <name>.debug_info</name>
         <load_address>0xa1aa</load_address>
         <run_address>0xa1aa</run_address>
         <size>0x3fd</size>
         <input_file_ref idref="fl-c2"/>
      </object_component>
      <object_component id="oc-283">
         <name>.debug_info</name>
         <load_address>0xa5a7</load_address>
         <run_address>0xa5a7</run_address>
         <size>0x2e3</size>
         <input_file_ref idref="fl-c2"/>
      </object_component>
      <object_component id="oc-147">
         <name>.debug_info</name>
         <load_address>0xa88a</load_address>
         <run_address>0xa88a</run_address>
         <size>0x2c</size>
         <input_file_ref idref="fl-c2"/>
      </object_component>
      <object_component id="oc-3c0">
         <name>.debug_info</name>
         <load_address>0xa8b6</load_address>
         <run_address>0xa8b6</run_address>
         <size>0x301</size>
         <input_file_ref idref="fl-c3"/>
      </object_component>
      <object_component id="oc-353">
         <name>.debug_info</name>
         <load_address>0xabb7</load_address>
         <run_address>0xabb7</run_address>
         <size>0x19d</size>
         <input_file_ref idref="fl-c3"/>
      </object_component>
      <object_component id="oc-3f9">
         <name>.debug_info</name>
         <load_address>0xad54</load_address>
         <run_address>0xad54</run_address>
         <size>0xbf</size>
         <input_file_ref idref="fl-c3"/>
      </object_component>
      <object_component id="oc-3f8">
         <name>.debug_info</name>
         <load_address>0xae13</load_address>
         <run_address>0xae13</run_address>
         <size>0x375</size>
         <input_file_ref idref="fl-c4"/>
      </object_component>
      <object_component id="oc-3bc">
         <name>.debug_info</name>
         <load_address>0xb188</load_address>
         <run_address>0xb188</run_address>
         <size>0x20c</size>
         <input_file_ref idref="fl-c4"/>
      </object_component>
      <object_component id="oc-391">
         <name>.debug_info</name>
         <load_address>0xb394</load_address>
         <run_address>0xb394</run_address>
         <size>0x29b</size>
         <input_file_ref idref="fl-c5"/>
      </object_component>
      <object_component id="oc-31a">
         <name>.debug_info</name>
         <load_address>0xb62f</load_address>
         <run_address>0xb62f</run_address>
         <size>0x196</size>
         <input_file_ref idref="fl-c5"/>
      </object_component>
      <object_component id="oc-3d3">
         <name>.debug_info</name>
         <load_address>0xb7c5</load_address>
         <run_address>0xb7c5</run_address>
         <size>0x39</size>
         <input_file_ref idref="fl-c5"/>
      </object_component>
      <object_component id="oc-392">
         <name>.debug_info</name>
         <load_address>0xb7fe</load_address>
         <run_address>0xb7fe</run_address>
         <size>0x2c</size>
         <input_file_ref idref="fl-c5"/>
      </object_component>
      <object_component id="oc-39e">
         <name>.debug_info</name>
         <load_address>0xb82a</load_address>
         <run_address>0xb82a</run_address>
         <size>0x2fe</size>
         <input_file_ref idref="fl-c6"/>
      </object_component>
      <object_component id="oc-320">
         <name>.debug_info</name>
         <load_address>0xbb28</load_address>
         <run_address>0xbb28</run_address>
         <size>0x226</size>
         <input_file_ref idref="fl-c6"/>
      </object_component>
      <object_component id="oc-2d6">
         <name>.debug_info</name>
         <load_address>0xbd4e</load_address>
         <run_address>0xbd4e</run_address>
         <size>0x135</size>
         <input_file_ref idref="fl-c7"/>
      </object_component>
      <object_component id="oc-93">
         <name>.debug_info</name>
         <load_address>0xbe83</load_address>
         <run_address>0xbe83</run_address>
         <size>0x148</size>
         <input_file_ref idref="fl-c8"/>
      </object_component>
      <object_component id="oc-2fa">
         <name>.debug_info</name>
         <load_address>0xbfcb</load_address>
         <run_address>0xbfcb</run_address>
         <size>0x14d</size>
         <input_file_ref idref="fl-c9"/>
      </object_component>
      <object_component id="oc-239">
         <name>.debug_info</name>
         <load_address>0xc118</load_address>
         <run_address>0xc118</run_address>
         <size>0x129</size>
         <input_file_ref idref="fl-ca"/>
      </object_component>
      <object_component id="oc-2e6">
         <name>.debug_info</name>
         <load_address>0xc241</load_address>
         <run_address>0xc241</run_address>
         <size>0x12b</size>
         <input_file_ref idref="fl-ca"/>
      </object_component>
      <object_component id="oc-2e0">
         <name>.debug_info</name>
         <load_address>0xc36c</load_address>
         <run_address>0xc36c</run_address>
         <size>0x13b</size>
         <input_file_ref idref="fl-cb"/>
      </object_component>
      <object_component id="oc-2dd">
         <name>.debug_info</name>
         <load_address>0xc4a7</load_address>
         <run_address>0xc4a7</run_address>
         <size>0x13b</size>
         <input_file_ref idref="fl-cc"/>
      </object_component>
      <object_component id="oc-2eb">
         <name>.debug_info</name>
         <load_address>0xc5e2</load_address>
         <run_address>0xc5e2</run_address>
         <size>0x12f</size>
         <input_file_ref idref="fl-cd"/>
      </object_component>
      <object_component id="oc-2f7">
         <name>.debug_info</name>
         <load_address>0xc711</load_address>
         <run_address>0xc711</run_address>
         <size>0x12d</size>
         <input_file_ref idref="fl-ce"/>
      </object_component>
      <object_component id="oc-3a">
         <name>.debug_info</name>
         <load_address>0xc83e</load_address>
         <run_address>0xc83e</run_address>
         <size>0x11a</size>
         <input_file_ref idref="fl-cf"/>
      </object_component>
      <object_component id="oc-90">
         <name>.debug_info</name>
         <load_address>0xc958</load_address>
         <run_address>0xc958</run_address>
         <size>0x2d5</size>
         <input_file_ref idref="fl-d0"/>
      </object_component>
      <object_component id="oc-47">
         <name>.debug_info</name>
         <load_address>0xcc2d</load_address>
         <run_address>0xcc2d</run_address>
         <size>0x1d3</size>
         <input_file_ref idref="fl-d0"/>
      </object_component>
      <object_component id="oc-8b">
         <name>.debug_info</name>
         <load_address>0xce00</load_address>
         <run_address>0xce00</run_address>
         <size>0x46</size>
         <input_file_ref idref="fl-d0"/>
      </object_component>
      <object_component id="oc-42">
         <name>.debug_info</name>
         <load_address>0xce46</load_address>
         <run_address>0xce46</run_address>
         <size>0x2a9</size>
         <input_file_ref idref="fl-d1"/>
      </object_component>
      <object_component id="oc-1e">
         <name>.debug_info</name>
         <load_address>0xd0ef</load_address>
         <run_address>0xd0ef</run_address>
         <size>0x1eb</size>
         <input_file_ref idref="fl-d1"/>
      </object_component>
      <object_component id="oc-3d">
         <name>.debug_info</name>
         <load_address>0xd2da</load_address>
         <run_address>0xd2da</run_address>
         <size>0x46</size>
         <input_file_ref idref="fl-d1"/>
      </object_component>
      <object_component id="oc-83">
         <name>.debug_info</name>
         <load_address>0xd320</load_address>
         <run_address>0xd320</run_address>
         <size>0x2c</size>
         <input_file_ref idref="fl-d1"/>
      </object_component>
      <object_component id="oc-81">
         <name>.debug_info</name>
         <load_address>0xd34c</load_address>
         <run_address>0xd34c</run_address>
         <size>0x29f</size>
         <input_file_ref idref="fl-d2"/>
      </object_component>
      <object_component id="oc-17">
         <name>.debug_info</name>
         <load_address>0xd5eb</load_address>
         <run_address>0xd5eb</run_address>
         <size>0x251</size>
         <input_file_ref idref="fl-d2"/>
      </object_component>
      <object_component id="oc-2d">
         <name>.debug_info</name>
         <load_address>0xd83c</load_address>
         <run_address>0xd83c</run_address>
         <size>0x60</size>
         <input_file_ref idref="fl-d2"/>
      </object_component>
      <object_component id="oc-140">
         <name>.debug_info</name>
         <load_address>0xd89c</load_address>
         <run_address>0xd89c</run_address>
         <size>0x46</size>
         <input_file_ref idref="fl-d2"/>
      </object_component>
      <object_component id="oc-7c">
         <name>.debug_info</name>
         <load_address>0xd8e2</load_address>
         <run_address>0xd8e2</run_address>
         <size>0x39</size>
         <input_file_ref idref="fl-d2"/>
      </object_component>
      <object_component id="oc-211">
         <name>.debug_info</name>
         <load_address>0xd91b</load_address>
         <run_address>0xd91b</run_address>
         <size>0x3ae</size>
         <input_file_ref idref="fl-d3"/>
      </object_component>
      <object_component id="oc-20e">
         <name>.debug_info</name>
         <load_address>0xdcc9</load_address>
         <run_address>0xdcc9</run_address>
         <size>0x191</size>
         <input_file_ref idref="fl-d3"/>
      </object_component>
      <object_component id="oc-151">
         <name>.debug_info</name>
         <load_address>0xde5a</load_address>
         <run_address>0xde5a</run_address>
         <size>0x123</size>
         <input_file_ref idref="fl-d3"/>
      </object_component>
      <object_component id="oc-157">
         <name>.debug_info</name>
         <load_address>0xdf7d</load_address>
         <run_address>0xdf7d</run_address>
         <size>0x185</size>
         <input_file_ref idref="fl-d3"/>
      </object_component>
      <object_component id="oc-27a">
         <name>.debug_info</name>
         <load_address>0xe102</load_address>
         <run_address>0xe102</run_address>
         <size>0x2ca</size>
         <input_file_ref idref="fl-d4"/>
      </object_component>
      <object_component id="oc-199">
         <name>.debug_info</name>
         <load_address>0xe3cc</load_address>
         <run_address>0xe3cc</run_address>
         <size>0x11f</size>
         <input_file_ref idref="fl-d4"/>
      </object_component>
      <object_component id="oc-274">
         <name>.debug_info</name>
         <load_address>0xe4eb</load_address>
         <run_address>0xe4eb</run_address>
         <size>0x12f</size>
         <input_file_ref idref="fl-d4"/>
      </object_component>
      <object_component id="oc-204">
         <name>.debug_info</name>
         <load_address>0xe61a</load_address>
         <run_address>0xe61a</run_address>
         <size>0x2ba</size>
         <input_file_ref idref="fl-d5"/>
      </object_component>
      <object_component id="oc-119">
         <name>.debug_info</name>
         <load_address>0xe8d4</load_address>
         <run_address>0xe8d4</run_address>
         <size>0x17d</size>
         <input_file_ref idref="fl-d5"/>
      </object_component>
      <object_component id="oc-2b7">
         <name>.debug_info</name>
         <load_address>0xea51</load_address>
         <run_address>0xea51</run_address>
         <size>0xfa</size>
         <input_file_ref idref="fl-d6"/>
      </object_component>
      <object_component id="oc-201">
         <name>.debug_info</name>
         <load_address>0xeb4b</load_address>
         <run_address>0xeb4b</run_address>
         <size>0x106</size>
         <input_file_ref idref="fl-d6"/>
      </object_component>
      <object_component id="oc-27e">
         <name>.debug_info</name>
         <load_address>0xec51</load_address>
         <run_address>0xec51</run_address>
         <size>0x145</size>
         <input_file_ref idref="fl-d7"/>
      </object_component>
      <object_component id="oc-19c">
         <name>.debug_info</name>
         <load_address>0xed96</load_address>
         <run_address>0xed96</run_address>
         <size>0x103</size>
         <input_file_ref idref="fl-d7"/>
      </object_component>
      <object_component id="oc-435">
         <name>.debug_info</name>
         <load_address>0xee99</load_address>
         <run_address>0xee99</run_address>
         <size>0x190</size>
         <input_file_ref idref="fl-d7"/>
      </object_component>
      <object_component id="oc-389">
         <name>.debug_info</name>
         <load_address>0xf029</load_address>
         <run_address>0xf029</run_address>
         <size>0x29c</size>
         <input_file_ref idref="fl-d8"/>
      </object_component>
      <object_component id="oc-2f2">
         <name>.debug_info</name>
         <load_address>0xf2c5</load_address>
         <run_address>0xf2c5</run_address>
         <size>0x1ce</size>
         <input_file_ref idref="fl-d8"/>
      </object_component>
      <object_component id="oc-32d">
         <name>.debug_info</name>
         <load_address>0xf493</load_address>
         <run_address>0xf493</run_address>
         <size>0x297</size>
         <input_file_ref idref="fl-d9"/>
      </object_component>
      <object_component id="oc-255">
         <name>.debug_info</name>
         <load_address>0xf72a</load_address>
         <run_address>0xf72a</run_address>
         <size>0x1b7</size>
         <input_file_ref idref="fl-d9"/>
      </object_component>
      <object_component id="oc-3c2">
         <name>.debug_info</name>
         <load_address>0xf8e1</load_address>
         <run_address>0xf8e1</run_address>
         <size>0x2a6</size>
         <input_file_ref idref="fl-da"/>
      </object_component>
      <object_component id="oc-357">
         <name>.debug_info</name>
         <load_address>0xfb87</load_address>
         <run_address>0xfb87</run_address>
         <size>0x25e</size>
         <input_file_ref idref="fl-da"/>
      </object_component>
      <object_component id="oc-78">
         <name>.debug_info</name>
         <load_address>0xfde5</load_address>
         <run_address>0xfde5</run_address>
         <size>0x3b3</size>
         <input_file_ref idref="fl-db"/>
      </object_component>
      <object_component id="oc-27">
         <name>.debug_info</name>
         <load_address>0x10198</load_address>
         <run_address>0x10198</run_address>
         <size>0x10d</size>
         <input_file_ref idref="fl-db"/>
      </object_component>
      <object_component id="oc-46b">
         <name>.debug_info</name>
         <load_address>0x102a5</load_address>
         <run_address>0x102a5</run_address>
         <size>0x140</size>
         <input_file_ref idref="fl-db"/>
      </object_component>
      <object_component id="oc-3ec">
         <name>.debug_info</name>
         <load_address>0x103e5</load_address>
         <run_address>0x103e5</run_address>
         <size>0x169</size>
         <input_file_ref idref="fl-db"/>
      </object_component>
      <object_component id="oc-41b">
         <name>.debug_info</name>
         <load_address>0x1054e</load_address>
         <run_address>0x1054e</run_address>
         <size>0x18f</size>
         <input_file_ref idref="fl-db"/>
      </object_component>
      <object_component id="oc-421">
         <name>.debug_info</name>
         <load_address>0x106dd</load_address>
         <run_address>0x106dd</run_address>
         <size>0x1a0</size>
         <input_file_ref idref="fl-db"/>
      </object_component>
      <object_component id="oc-3e6">
         <name>.debug_info</name>
         <load_address>0x1087d</load_address>
         <run_address>0x1087d</run_address>
         <size>0x204</size>
         <input_file_ref idref="fl-db"/>
      </object_component>
      <object_component id="oc-470">
         <name>.debug_info</name>
         <load_address>0x10a81</load_address>
         <run_address>0x10a81</run_address>
         <size>0x1dc</size>
         <input_file_ref idref="fl-db"/>
      </object_component>
      <object_component id="oc-428">
         <name>.debug_info</name>
         <load_address>0x10c5d</load_address>
         <run_address>0x10c5d</run_address>
         <size>0x29a</size>
         <input_file_ref idref="fl-db"/>
      </object_component>
      <object_component id="oc-13b">
         <name>.debug_info</name>
         <load_address>0x10ef7</load_address>
         <run_address>0x10ef7</run_address>
         <size>0xb2</size>
         <input_file_ref idref="fl-db"/>
      </object_component>
      <object_component id="oc-136">
         <name>.debug_info</name>
         <load_address>0x10fa9</load_address>
         <run_address>0x10fa9</run_address>
         <size>0x2c</size>
         <input_file_ref idref="fl-db"/>
      </object_component>
      <object_component id="oc-3a0">
[...]
         <name>__aeabi_memcpy4</name>
         <value>0x295f</value>
         <object_component_ref idref="oc-37"/>
      </symbol>
      <symbol id="sm-452">
         <name>__TI_zero_init_nomemset</name>
         <value>0x3ab1</value>
         <object_component_ref idref="oc-43"/>
      </symbol>
      <symbol id="sm-469">
         <name>__TI_decompress_none</name>
         <value>0x3bf3</value>
         <object_component_ref idref="oc-1a"/>
      </symbol>
      <symbol id="sm-48c">
         <name>__TI_decompress_lzss</name>
         <value>0x2f69</value>
         <object_component_ref idref="oc-14"/>
      </symbol>
      <symbol id="sm-4b2">
         <name>C$$EXIT</name>
         <value>0x3c45</value>
         <object_component_ref idref="oc-150"/>
      </symbol>
      <symbol id="sm-4b3">
         <name>abort</name>
         <value>0x3c45</value>
         <object_component_ref idref="oc-150"/>
      </symbol>
      <symbol id="sm-4b4">
         <name>__TI_dtors_ptr</name>
         <value>0x200005fc</value>
         <object_component_ref idref="oc-20d"/>
      </symbol>
      <symbol id="sm-4b5">
         <name>__TI_cleanup_ptr</name>
         <value>0x200005f8</value>
         <object_component_ref idref="oc-20d"/>
      </symbol>
      <symbol id="sm-4b6">
         <name>__TI_enable_exit_profile_output</name>
         <value>0x20000600</value>
         <object_component_ref idref="oc-20d"/>
      </symbol>
      <symbol id="sm-4b7">
         <name>exit</name>
         <value>0x3605</value>
         <object_component_ref idref="oc-156"/>
      </symbol>
      <symbol id="sm-4cc">
         <name>_nop</name>
         <value>0xb33</value>
         <object_component_ref idref="oc-272"/>
      </symbol>
      <symbol id="sm-4cd">
         <name>_lock</name>
         <value>0x20000610</value>
         <object_component_ref idref="oc-198"/>
      </symbol>
      <symbol id="sm-4ce">
         <name>_unlock</name>
         <value>0x20000614</value>
         <object_component_ref idref="oc-198"/>
      </symbol>
      <symbol id="sm-4e4">
         <name>atoi</name>
         <value>0x3571</value>
         <object_component_ref idref="oc-116"/>
      </symbol>
      <symbol id="sm-4ef">
         <name>_ctypes_</name>
         <value>0x3c48</value>
         <object_component_ref idref="oc-200"/>
      </symbol>
      <symbol id="sm-504">
         <name>__TI_tmpnams</name>
         <value>0x20000748</value>
      </symbol>
      <symbol id="sm-505">
         <name>__aeabi_stdout</name>
         <value>0x200005f0</value>
         <object_component_ref idref="oc-434"/>
      </symbol>
      <symbol id="sm-506">
         <name>__aeabi_stderr</name>
         <value>0x200005f4</value>
         <object_component_ref idref="oc-434"/>
      </symbol>
      <symbol id="sm-507">
         <name>__aeabi_stdin</name>
         <value>0x200005ec</value>
         <object_component_ref idref="oc-434"/>
      </symbol>
      <symbol id="sm-508">
         <name>_ftable</name>
         <value>0x20000400</value>
         <object_component_ref idref="oc-19b"/>
      </symbol>
      <symbol id="sm-509">
         <name>__TI_ft_end</name>
         <value>0x200005e8</value>
         <object_component_ref idref="oc-434"/>
      </symbol>
      <symbol id="sm-518">
         <name>ltoa</name>
         <value>0x33e1</value>
         <object_component_ref idref="oc-2ee"/>
      </symbol>
      <symbol id="sm-528">
         <name>memccpy</name>
         <value>0x3ae9</value>
         <object_component_ref idref="oc-254"/>
      </symbol>
      <symbol id="sm-538">
         <name>memchr</name>
         <value>0x3a91</value>
         <object_component_ref idref="oc-356"/>
      </symbol>
      <symbol id="sm-5bf">
         <name>_sys_memory</name>
         <value>0x20000000</value>
         <object_component_ref idref="oc-26"/>
      </symbol>
      <symbol id="sm-5c0">
         <name>free</name>
         <value>0x2609</value>
         <object_component_ref idref="oc-3e5"/>
      </symbol>
      <symbol id="sm-5c1">
         <name>memalign</name>
         <value>0x2515</value>
         <object_component_ref idref="oc-427"/>
      </symbol>
      <symbol id="sm-5c2">
         <name>malloc</name>
         <value>0x3c31</value>
         <object_component_ref idref="oc-3eb"/>
      </symbol>
      <symbol id="sm-5c3">
         <name>aligned_alloc</name>
         <value>0x2515</value>
         <object_component_ref idref="oc-427"/>
      </symbol>
      <symbol id="sm-5d3">
         <name>strchr</name>
         <value>0x3b7f</value>
         <object_component_ref idref="oc-325"/>
      </symbol>
      <symbol id="sm-5e1">
         <name>strlen</name>
         <value>0x3bbd</value>
         <object_component_ref idref="oc-22b"/>
      </symbol>
      <symbol id="sm-5fb">
         <name>write</name>
         <value>0x39fd</value>
         <object_component_ref idref="oc-362"/>
      </symbol>
      <symbol id="sm-60c">
         <name>_stream</name>
         <value>0x20000568</value>
         <object_component_ref idref="oc-3c5"/>
      </symbol>
      <symbol id="sm-60d">
         <name>_device</name>
         <value>0x200004f0</value>
         <object_component_ref idref="oc-404"/>
      </symbol>
      <symbol id="sm-620">
         <name>__stack</name>
         <value>0x2000fe00</value>
         <object_component_ref idref="oc-29"/>
      </symbol>
      <symbol id="sm-621">
         <name>_c_int00_noargs</name>
         <value>0x38bd</value>
         <object_component_ref idref="oc-55"/>
      </symbol>
      <symbol id="sm-637">
         <name>__aeabi_errno_addr</name>
         <value>0x3c29</value>
         <object_component_ref idref="oc-260"/>
      </symbol>
      <symbol id="sm-638">
         <name>errno</name>
         <value>0x20000620</value>
         <object_component_ref idref="oc-335"/>
      </symbol>
      <symbol id="sm-651">
         <name>wcslen</name>
         <value>0x3bd1</value>
         <object_component_ref idref="oc-25a"/>
      </symbol>
      <symbol id="sm-65b">
         <name>copysign</name>
         <value>0x3b05</value>
         <object_component_ref idref="oc-397"/>
      </symbol>
      <symbol id="sm-65c">
         <name>copysignl</name>
         <value>0x3b05</value>
         <object_component_ref idref="oc-397"/>
      </symbol>
      <symbol id="sm-66c">
         <name>__TI_doflush</name>
         <value>0x3525</value>
         <object_component_ref idref="oc-35c"/>
      </symbol>
      <symbol id="sm-67c">
         <name>__TI_cleanup</name>
         <value>0x3855</value>
         <object_component_ref idref="oc-3f1"/>
      </symbol>
      <symbol id="sm-68e">
         <name>fseek</name>
         <value>0x3101</value>
         <object_component_ref idref="oc-3b3"/>
      </symbol>
      <symbol id="sm-698">
         <name>__aeabi_idiv0</name>
         <value>0x1d0f</value>
         <object_component_ref idref="oc-37e"/>
      </symbol>
      <symbol id="sm-699">
         <name>__aeabi_ldiv0</name>
         <value>0x1d0f</value>
         <object_component_ref idref="oc-37e"/>
      </symbol>
      <symbol id="sm-6c1">
         <name>__TI_auto_init_nobinit_nopinit</name>
         <value>0x371d</value>
         <object_component_ref idref="oc-15c"/>
      </symbol>
      <symbol id="sm-6cb">
         <name>_system_pre_init</name>
         <value>0x3c41</value>
         <object_component_ref idref="oc-97"/>
      </symbol>
      <symbol id="sm-6de">
         <name>HOSTclose</name>
         <value>0x3695</value>
         <object_component_ref idref="oc-440"/>
      </symbol>
      <symbol id="sm-6ef">
         <name>HOSTlseek</name>
         <value>0x2e99</value>
         <object_component_ref idref="oc-452"/>
      </symbol>
      <symbol id="sm-701">
         <name>parmbuf</name>
         <value>0x20000800</value>
      </symbol>
      <symbol id="sm-702">
         <name>HOSTopen</name>
         <value>0x31c9</value>
         <object_component_ref idref="oc-43a"/>
      </symbol>
      <symbol id="sm-713">
         <name>HOSTread</name>
         <value>0x3285</value>
         <object_component_ref idref="oc-446"/>
      </symbol>
      <symbol id="sm-724">
         <name>HOSTrename</name>
         <value>0x2f01</value>
         <object_component_ref idref="oc-45e"/>
      </symbol>
      <symbol id="sm-735">
         <name>HOSTunlink</name>
         <value>0x36d9</value>
         <object_component_ref idref="oc-458"/>
      </symbol>
      <symbol id="sm-746">
         <name>HOSTwrite</name>
         <value>0x32dd</value>
         <object_component_ref idref="oc-44c"/>
      </symbol>
      <symbol id="sm-76a">
         <name>__TI_readmsg</name>
         <value>0x3889</value>
         <object_component_ref idref="oc-48d"/>
      </symbol>
      <symbol id="sm-76b">
         <name>C$$IO$$</name>
         <value>0x3813</value>
         <object_component_ref idref="oc-487"/>
      </symbol>
      <symbol id="sm-76c">
         <name>__CIOBUF_</name>
         <value>0x20000628</value>
         <object_component_ref idref="oc-4b8"/>
      </symbol>
      <symbol id="sm-76d">
         <name>__TI_writemsg</name>
         <value>0x37e5</value>
         <object_component_ref idref="oc-487"/>
      </symbol>
      <symbol id="sm-77e">
         <name>lseek</name>
         <value>0x39d5</value>
         <object_component_ref idref="oc-3dd"/>
      </symbol>
      <symbol id="sm-793">
         <name>__TI_closefile</name>
         <value>0x2db5</value>
         <object_component_ref idref="oc-42e"/>
      </symbol>
      <symbol id="sm-7b6">
         <name>finddevice</name>
         <value>0x3921</value>
         <object_component_ref idref="oc-4d6"/>
      </symbol>
      <symbol id="sm-7b7">
         <name>getdevice</name>
         <value>0x3761</value>
         <object_component_ref idref="oc-4ae"/>
      </symbol>
      <symbol id="sm-7c6">
         <name>strcmp</name>
         <value>0x3b51</value>
         <object_component_ref idref="oc-4ed"/>
      </symbol>
      <symbol id="sm-7d4">
         <name>strcpy</name>
         <value>0x3ba9</value>
         <object_component_ref idref="oc-4a1"/>
      </symbol>
      <symbol id="sm-7e4">
         <name>strncpy</name>
         <value>0x381d</value>
         <object_component_ref idref="oc-4d0"/>
      </symbol>
      <symbol id="sm-7f9">
         <name>close</name>
         <value>0x3229</value>
         <object_component_ref idref="oc-476"/>
      </symbol>
      <symbol id="sm-809">
         <name>unlink</name>
         <value>0x3981</value>
         <object_component_ref idref="oc-47c"/>
      </symbol>
      <symbol id="sm-877">
         <name>CS_setDCOFrequency</name>
         <value>0x1d11</value>
         <object_component_ref idref="oc-bc"/>
      </symbol>
      <symbol id="sm-878">
         <name>CS_setDCOCenteredFrequency</name>
         <value>0x3a25</value>
         <object_component_ref idref="oc-1b2"/>
      </symbol>
      <symbol id="sm-879">
         <name>CS_tuneDCOFrequency</name>
         <value>0x338d</value>
         <object_component_ref idref="oc-1be"/>
      </symbol>
      <symbol id="sm-87a">
         <name>CS_initClockSignal</name>
         <value>0x26f1</value>
         <object_component_ref idref="oc-c2"/>
      </symbol>
      <symbol id="sm-8cc">
         <name>GPIO_setOutputHighOnPin</name>
         <value>0x3b95</value>
         <object_component_ref idref="oc-fe"/>
      </symbol>
      <symbol id="sm-8cd">
         <name>GPIO_setAsInputPinWithPullUpResistor</name>
         <value>0x38f1</value>
         <object_component_ref idref="oc-ce"/>
      </symbol>
      <symbol id="sm-8ce">
         <name>GPIO_setAsOutputPin</name>
         <value>0x3a49</value>
         <object_component_ref idref="oc-c8"/>
      </symbol>
      <symbol id="sm-8cf">
         <name>GPIO_setOutputLowOnPin</name>
         <value>0x3b21</value>
         <object_component_ref idref="oc-104"/>
      </symbol>
      <symbol id="sm-8d0">
         <name>GPIO_setAsPeripheralModuleFunctionOutputPin</name>
         <value>0x34d9</value>
         <object_component_ref idref="oc-e6"/>
      </symbol>
      <symbol id="sm-8d1">
         <name>GPIO_setAsPeripheralModuleFunctionInputPin</name>
         <value>0x35bd</value>
         <object_component_ref idref="oc-e0"/>
      </symbol>
      <symbol id="sm-901">
         <name>Interrupt_enableMaster</name>
         <value>0x3be3</value>
         <object_component_ref idref="oc-f8"/>
      </symbol>
      <symbol id="sm-902">
         <name>Interrupt_enableInterrupt</name>
         <value>0x3039</value>
         <object_component_ref idref="oc-f2"/>
      </symbol>
      <symbol id="sm-917">
         <name>SysCtl_getTLVInfo</name>
         <value>0x3489</value>
         <object_component_ref idref="oc-1b8"/>
      </symbol>
      <symbol id="sm-94c">
         <name>UART_enableInterrupt</name>
         <value>0x3b69</value>
         <object_component_ref idref="oc-ec"/>
      </symbol>
      <symbol id="sm-94d">
         <name>UART_receiveData</name>
         <value>0x3a6d</value>
         <object_component_ref idref="oc-110"/>
      </symbol>
      <symbol id="sm-94e">
         <name>UART_enableModule</name>
         <value>0x3c1b</value>
         <object_component_ref idref="oc-da"/>
      </symbol>
      <symbol id="sm-94f">
         <name>UART_initModule</name>
         <value>0x2a91</value>
         <object_component_ref idref="oc-d4"/>
      </symbol>
      <symbol id="sm-95b">
         <name>WDT_A_holdTimer</name>
         <value>0x3b39</value>
         <object_component_ref idref="oc-b6"/>
      </symbol>
      <symbol id="sm-965">
         <name>CPU_cpsie</name>
         <value>0x3c0f</value>
         <object_component_ref idref="oc-1de"/>
      </symbol>
      <symbol id="sm-966">
         <name>__TI_static_base__</name>
         <value>0x0</value>
      </symbol>
      <symbol id="sm-969">
         <name>__mpu_init</name>
         <value>0x0</value>
      </symbol>
      <symbol id="sm-96a">
         <name>_system_post_cinit</name>
         <value>0x0</value>
      </symbol>
      <symbol id="sm-96b">
         <name>NMI_Handler</name>
         <value>0x3c0d</value>
      </symbol>
      <symbol id="sm-96c">
         <name>HardFault_Handler</name>
         <value>0x3c0d</value>
      </symbol>
      <symbol id="sm-96d">
         <name>MemManage_Handler</name>
         <value>0x3c0d</value>
      </symbol>
      <symbol id="sm-96e">
         <name>BusFault_Handler</name>
         <value>0x3c0d</value>
      </symbol>
      <symbol id="sm-96f">
         <name>UsageFault_Handler</name>
         <value>0x3c0d</value>
      </symbol>
      <symbol id="sm-970">
         <name>SVC_Handler</name>
         <value>0x3c0d</value>
      </symbol>
      <symbol id="sm-971">
         <name>DebugMon_Handler</name>
         <value>0x3c0d</value>
      </symbol>
      <symbol id="sm-972">
         <name>PendSV_Handler</name>
         <value>0x3c0d</value>
      </symbol>
      <symbol id="sm-973">
         <name>SysTick_Handler</name>
         <value>0x3c0d</value>
      </symbol>
      <symbol id="sm-974">
         <name>PSS_IRQHandler</name>
         <value>0x3c0d</value>
      </symbol>
      <symbol id="sm-975">
         <name>CS_IRQHandler</name>
         <value>0x3c0d</value>
      </symbol>
      <symbol id="sm-976">
         <name>PCM_IRQHandler</name>
         <value>0x3c0d</value>
      </symbol>
      <symbol id="sm-977">
         <name>WDT_A_IRQHandler</name>
         <value>0x3c0d</value>
      </symbol>
      <symbol id="sm-978">
         <name>FPU_IRQHandler</name>
         <value>0x3c0d</value>
      </symbol>
      <symbol id="sm-979">
         <name>FLCTL_IRQHandler</name>
         <value>0x3c0d</value>
      </symbol>
      <symbol id="sm-97a">
         <name>COMP_E0_IRQHandler</name>
         <value>0x3c0d</value>
      </symbol>
      <symbol id="sm-97b">
         <name>COMP_E1_IRQHandler</name>
         <value>0x3c0d</value>
      </symbol>
      <symbol id="sm-97c">
         <name>TA0_0_IRQHandler</name>
         <value>0x3c0d</value>
      </symbol>
      <symbol id="sm-97d">
         <name>TA0_N_IRQHandler</name>
         <value>0x3c0d</value>
      </symbol>
      <symbol id="sm-97e">
         <name>TA1_0_IRQHandler</name>
         <value>0x3c0d</value>
      </symbol>
      <symbol id="sm-97f">
         <name>TA1_N_IRQHandler</name>
         <value>0x3c0d</value>
      </symbol>
      <symbol id="sm-980">
         <name>TA2_0_IRQHandler</name>
         <value>0x3c0d</value>
      </symbol>
      <symbol id="sm-981">
         <name>TA2_N_IRQHandler</name>
         <value>0x3c0d</value>
      </symbol>
      <symbol id="sm-982">
         <name>TA3_0_IRQHandler</name>
         <value>0x3c0d</value>
      </symbol>
      <symbol id="sm-983">
         <name>TA3_N_IRQHandler</name>
         <value>0x3c0d</value>
      </symbol>
      <symbol id="sm-984">
         <name>EUSCIA0_IRQHandler</name>
         <value>0x130d</value>
      </symbol>
      <symbol id="sm-985">
         <name>EUSCIA1_IRQHandler</name>
         <value>0x3c0d</value>
      </symbol>
      <symbol id="sm-986">
         <name>EUSCIA2_IRQHandler</name>
         <value>0x3c0d</value>
      </symbol>
      <symbol id="sm-987">
         <name>EUSCIA3_IRQHandler</name>
         <value>0x3c0d</value>
      </symbol>
      <symbol id="sm-988">
         <name>EUSCIB0_IRQHandler</name>
         <value>0x3c0d</value>
      </symbol>
      <symbol id="sm-989">
         <name>EUSCIB1_IRQHandler</name>
         <value>0x3c0d</value>
      </symbol>
      <symbol id="sm-98a">
         <name>EUSCIB2_IRQHandler</name>
         <value>0x3c0d</value>
      </symbol>
      <symbol id="sm-98b">
         <name>EUSCIB3_IRQHandler</name>
         <value>0x3c0d</value>
      </symbol>
      <symbol id="sm-98c">
         <name>ADC14_IRQHandler</name>
         <value>0x3c0d</value>
      </symbol>
      <symbol id="sm-98d">
         <name>T32_INT1_IRQHandler</name>
         <value>0x3c0d</value>
      </symbol>
      <symbol id="sm-98e">
         <name>T32_INT2_IRQHandler</name>
         <value>0x3c0d</value>
      </symbol>
      <symbol id="sm-98f">
         <name>T32_INTC_IRQHandler</name>
         <value>0x3c0d</value>
      </symbol>
      <symbol id="sm-990">
         <name>AES256_IRQHandler</name>
         <value>0x3c0d</value>
      </symbol>
      <symbol id="sm-991">
         <name>RTC_C_IRQHandler</name>
         <value>0x3c0d</value>
      </symbol>
      <symbol id="sm-992">
         <name>DMA_ERR_IRQHandler</name>
         <value>0x3c0d</value>
      </symbol>
      <symbol id="sm-993">
         <name>DMA_INT3_IRQHandler</name>
         <value>0x3c0d</value>
      </symbol>
      <symbol id="sm-994">
         <name>DMA_INT2_IRQHandler</name>
         <value>0x3c0d</value>
      </symbol>
      <symbol id="sm-995">
         <name>DMA_INT1_IRQHandler</name>
         <value>0x3c0d</value>
      </symbol>
      <symbol id="sm-996">
         <name>DMA_INT0_IRQHandler</name>
         <value>0x3c0d</value>
      </symbol>
      <symbol id="sm-997">
         <name>PORT1_IRQHandler</name>
         <value>0x3c0d</value>
      </symbol>
      <symbol id="sm-998">
         <name>PORT2_IRQHandler</name>
         <value>0x3c0d</value>
      </symbol>
      <symbol id="sm-999">
         <name>PORT3_IRQHandler</name>
         <value>0x3c0d</value>
      </symbol>
      <symbol id="sm-99a">
         <name>PORT4_IRQHandler</name>
         <value>0x3c0d</value>
      </symbol>
      <symbol id="sm-99b">
         <name>PORT5_IRQHandler</name>
         <value>0x3c0d</value>
      </symbol>
      <symbol id="sm-99c">
         <name>PORT6_IRQHandler</name>
         <value>0x3c0d</value>
      </symbol>
      <symbol id="sm-99d">
         <name>remove</name>
         <value>0x3981</value>
      </symbol>
   </symbol_table>
   <title>Link successful</title>
</link_info>
